../Core/Src/main.c:217:5:__io_putchar	16	static
../Core/Src/main.c:223:6:WIFI_init_connect	32	static
../Core/Src/main.c:292:6:my_lsm6dsl_init	8	static
../Core/Src/main.c:319:5:main	8	static
../Core/Src/main.c:440:6:SystemClock_Config	96	static
../Core/Src/main.c:501:13:MX_DFSDM1_Init	8	static
../Core/Src/main.c:539:13:MX_I2C2_Init	8	static
../Core/Src/main.c:587:13:MX_QUADSPI_Init	8	static
../Core/Src/main.c:620:13:MX_SPI3_Init	8	static
../Core/Src/main.c:660:13:MX_TIM6_Init	24	static
../Core/Src/main.c:698:13:MX_USART1_UART_Init	8	static
../Core/Src/main.c:733:13:MX_USART3_UART_Init	8	static
../Core/Src/main.c:768:13:MX_USB_OTG_FS_PCD_Init	8	static
../Core/Src/main.c:803:13:MX_GPIO_Init	48	static
../Core/Src/main.c:991:6:HAL_GPIO_EXTI_Callback	16	static
../Core/Src/main.c:1047:6:SPI3_IRQHandler	8	static
../Core/Src/main.c:1052:6:HAL_TIM_PeriodElapsedCallback	16	static
../Core/Src/main.c:1068:6:StartDefaultTask	24	static
../Core/Src/main.c:1167:6:StartacqTask	40	static
../Core/Src/main.c:1229:6:StartcommTask	24	static
../Core/Src/main.c:1290:6:Error_Handler	4	static,ignoring_inline_asm
