Archive member included to satisfy reference by file (symbol)

C:/ST/STM32CubeIDE_1.16.0/STM32CubeIDE/plugins/com.st.stm32cube.ide.mcu.externaltools.gnu-tools-for-stm32.12.3.rel1.win32_1.0.200.202406191623/tools/bin/../lib/gcc/arm-none-eabi/12.3.1/../../../../arm-none-eabi/lib/thumb/v7e-m+fp/hard\libc_nano.a(libc_a-exit.o)
                              C:/ST/STM32CubeIDE_1.16.0/STM32CubeIDE/plugins/com.st.stm32cube.ide.mcu.externaltools.gnu-tools-for-stm32.12.3.rel1.win32_1.0.200.202406191623/tools/bin/../lib/gcc/arm-none-eabi/12.3.1/../../../../arm-none-eabi/lib/thumb/v7e-m+fp/hard/crt0.o (exit)
C:/ST/STM32CubeIDE_1.16.0/STM32CubeIDE/plugins/com.st.stm32cube.ide.mcu.externaltools.gnu-tools-for-stm32.12.3.rel1.win32_1.0.200.202406191623/tools/bin/../lib/gcc/arm-none-eabi/12.3.1/../../../../arm-none-eabi/lib/thumb/v7e-m+fp/hard\libc_nano.a(libc_a-nano-vfprintf_float.o)
                              (_printf_float)
C:/ST/STM32CubeIDE_1.16.0/STM32CubeIDE/plugins/com.st.stm32cube.ide.mcu.externaltools.gnu-tools-for-stm32.12.3.rel1.win32_1.0.200.202406191623/tools/bin/../lib/gcc/arm-none-eabi/12.3.1/../../../../arm-none-eabi/lib/thumb/v7e-m+fp/hard\libc_nano.a(libc_a-nano-vfprintf_i.o)
                              C:/ST/STM32CubeIDE_1.16.0/STM32CubeIDE/plugins/com.st.stm32cube.ide.mcu.externaltools.gnu-tools-for-stm32.12.3.rel1.win32_1.0.200.202406191623/tools/bin/../lib/gcc/arm-none-eabi/12.3.1/../../../../arm-none-eabi/lib/thumb/v7e-m+fp/hard\libc_nano.a(libc_a-nano-vfprintf_float.o) (_printf_common)
C:/ST/STM32CubeIDE_1.16.0/STM32CubeIDE/plugins/com.st.stm32cube.ide.mcu.externaltools.gnu-tools-for-stm32.12.3.rel1.win32_1.0.200.202406191623/tools/bin/../lib/gcc/arm-none-eabi/12.3.1/../../../../arm-none-eabi/lib/thumb/v7e-m+fp/hard\libc_nano.a(libc_a-nano-vfscanf_float.o)
                              (_scanf_float)
C:/ST/STM32CubeIDE_1.16.0/STM32CubeIDE/plugins/com.st.stm32cube.ide.mcu.externaltools.gnu-tools-for-stm32.12.3.rel1.win32_1.0.200.202406191623/tools/bin/../lib/gcc/arm-none-eabi/12.3.1/../../../../arm-none-eabi/lib/thumb/v7e-m+fp/hard\libc_nano.a(libc_a-findfp.o)
                              C:/ST/STM32CubeIDE_1.16.0/STM32CubeIDE/plugins/com.st.stm32cube.ide.mcu.externaltools.gnu-tools-for-stm32.12.3.rel1.win32_1.0.200.202406191623/tools/bin/../lib/gcc/arm-none-eabi/12.3.1/../../../../arm-none-eabi/lib/thumb/v7e-m+fp/hard\libc_nano.a(libc_a-exit.o) (__stdio_exit_handler)
C:/ST/STM32CubeIDE_1.16.0/STM32CubeIDE/plugins/com.st.stm32cube.ide.mcu.externaltools.gnu-tools-for-stm32.12.3.rel1.win32_1.0.200.202406191623/tools/bin/../lib/gcc/arm-none-eabi/12.3.1/../../../../arm-none-eabi/lib/thumb/v7e-m+fp/hard\libc_nano.a(libc_a-fwalk.o)
                              C:/ST/STM32CubeIDE_1.16.0/STM32CubeIDE/plugins/com.st.stm32cube.ide.mcu.externaltools.gnu-tools-for-stm32.12.3.rel1.win32_1.0.200.202406191623/tools/bin/../lib/gcc/arm-none-eabi/12.3.1/../../../../arm-none-eabi/lib/thumb/v7e-m+fp/hard\libc_nano.a(libc_a-findfp.o) (_fwalk_sglue)
C:/ST/STM32CubeIDE_1.16.0/STM32CubeIDE/plugins/com.st.stm32cube.ide.mcu.externaltools.gnu-tools-for-stm32.12.3.rel1.win32_1.0.200.202406191623/tools/bin/../lib/gcc/arm-none-eabi/12.3.1/../../../../arm-none-eabi/lib/thumb/v7e-m+fp/hard\libc_nano.a(libc_a-printf.o)
                              ./Core/Src/main.o (printf)
C:/ST/STM32CubeIDE_1.16.0/STM32CubeIDE/plugins/com.st.stm32cube.ide.mcu.externaltools.gnu-tools-for-stm32.12.3.rel1.win32_1.0.200.202406191623/tools/bin/../lib/gcc/arm-none-eabi/12.3.1/../../../../arm-none-eabi/lib/thumb/v7e-m+fp/hard\libc_nano.a(libc_a-puts.o)
                              ./Core/Src/main.o (puts)
C:/ST/STM32CubeIDE_1.16.0/STM32CubeIDE/plugins/com.st.stm32cube.ide.mcu.externaltools.gnu-tools-for-stm32.12.3.rel1.win32_1.0.200.202406191623/tools/bin/../lib/gcc/arm-none-eabi/12.3.1/../../../../arm-none-eabi/lib/thumb/v7e-m+fp/hard\libc_nano.a(libc_a-snprintf.o)
                              ./Core/WIFI/es_wifi.o (snprintf)
C:/ST/STM32CubeIDE_1.16.0/STM32CubeIDE/plugins/com.st.stm32cube.ide.mcu.externaltools.gnu-tools-for-stm32.12.3.rel1.win32_1.0.200.202406191623/tools/bin/../lib/gcc/arm-none-eabi/12.3.1/../../../../arm-none-eabi/lib/thumb/v7e-m+fp/hard\libc_nano.a(libc_a-sprintf.o)
                              ./Core/WIFI/es_wifi.o (sprintf)
C:/ST/STM32CubeIDE_1.16.0/STM32CubeIDE/plugins/com.st.stm32cube.ide.mcu.externaltools.gnu-tools-for-stm32.12.3.rel1.win32_1.0.200.202406191623/tools/bin/../lib/gcc/arm-none-eabi/12.3.1/../../../../arm-none-eabi/lib/thumb/v7e-m+fp/hard\libc_nano.a(libc_a-stdio.o)
                              C:/ST/STM32CubeIDE_1.16.0/STM32CubeIDE/plugins/com.st.stm32cube.ide.mcu.externaltools.gnu-tools-for-stm32.12.3.rel1.win32_1.0.200.202406191623/tools/bin/../lib/gcc/arm-none-eabi/12.3.1/../../../../arm-none-eabi/lib/thumb/v7e-m+fp/hard\libc_nano.a(libc_a-findfp.o) (__sread)
[...]
Memory Configuration

Name             Origin             Length             Attributes
RAM              0x20000000         0x00018000         xrw
RAM2             0x10000000         0x00008000         xrw
FLASH            0x08000000         0x00100000         xr
*default*        0x00000000         0xffffffff

Linker script and memory map

LOAD C:/ST/STM32CubeIDE_1.16.0/STM32CubeIDE/plugins/com.st.stm32cube.ide.mcu.externaltools.gnu-tools-for-stm32.12.3.rel1.win32_1.0.200.202406191623/tools/bin/../lib/gcc/arm-none-eabi/12.3.1/thumb/v7e-m+fp/hard/crti.o
LOAD C:/ST/STM32CubeIDE_1.16.0/STM32CubeIDE/plugins/com.st.stm32cube.ide.mcu.externaltools.gnu-tools-for-stm32.12.3.rel1.win32_1.0.200.202406191623/tools/bin/../lib/gcc/arm-none-eabi/12.3.1/thumb/v7e-m+fp/hard/crtbegin.o
LOAD C:/ST/STM32CubeIDE_1.16.0/STM32CubeIDE/plugins/com.st.stm32cube.ide.mcu.externaltools.gnu-tools-for-stm32.12.3.rel1.win32_1.0.200.202406191623/tools/bin/../lib/gcc/arm-none-eabi/12.3.1/../../../../arm-none-eabi/lib/thumb/v7e-m+fp/hard/crt0.o
LOAD ./Core/Src/freertos.o
LOAD ./Core/Src/main.o
LOAD ./Core/Src/stm32l4xx_hal_msp.o
LOAD ./Core/Src/stm32l4xx_it.o
LOAD ./Core/Src/syscalls.o
LOAD ./Core/Src/sysmem.o
LOAD ./Core/Src/system_stm32l4xx.o
LOAD ./Core/Startup/startup_stm32l475vgtx.o
LOAD ./Core/WIFI/es_wifi.o
LOAD ./Core/WIFI/es_wifi_io.o
LOAD ./Core/WIFI/wifi.o
LOAD ./Drivers/BSP/B-L475E-IOT01/stm32l475e_iot01.o
LOAD ./Drivers/BSP/B-L475E-IOT01/stm32l475e_iot01_accelero.o
LOAD ./Drivers/BSP/B-L475E-IOT01/stm32l475e_iot01_gyro.o
LOAD ./Drivers/BSP/Components/lsm6dsl/lsm6dsl.o
LOAD ./Drivers/STM32L4xx_HAL_Driver/Src/stm32l4xx_hal.o
LOAD ./Drivers/STM32L4xx_HAL_Driver/Src/stm32l4xx_hal_cortex.o
LOAD ./Drivers/STM32L4xx_HAL_Driver/Src/stm32l4xx_hal_dfsdm.o
LOAD ./Drivers/STM32L4xx_HAL_Driver/Src/stm32l4xx_hal_dma.o
LOAD ./Drivers/STM32L4xx_HAL_Driver/Src/stm32l4xx_hal_dma_ex.o
LOAD ./Drivers/STM32L4xx_HAL_Driver/Src/stm32l4xx_hal_exti.o
LOAD ./Drivers/STM32L4xx_HAL_Driver/Src/stm32l4xx_hal_flash.o
LOAD ./Drivers/STM32L4xx_HAL_Driver/Src/stm32l4xx_hal_flash_ex.o
LOAD ./Drivers/STM32L4xx_HAL_Driver/Src/stm32l4xx_hal_flash_ramfunc.o
LOAD ./Drivers/STM32L4xx_HAL_Driver/Src/stm32l4xx_hal_gpio.o
LOAD ./Drivers/STM32L4xx_HAL_Driver/Src/stm32l4xx_hal_hcd.o
LOAD ./Drivers/STM32L4xx_HAL_Driver/Src/stm32l4xx_hal_i2c.o
LOAD ./Drivers/STM32L4xx_HAL_Driver/Src/stm32l4xx_hal_i2c_ex.o
LOAD ./Drivers/STM32L4xx_HAL_Driver/Src/stm32l4xx_hal_pcd.o
LOAD ./Drivers/STM32L4xx_HAL_Driver/Src/stm32l4xx_hal_pcd_ex.o
LOAD ./Drivers/STM32L4xx_HAL_Driver/Src/stm32l4xx_hal_pwr.o
LOAD ./Drivers/STM32L4xx_HAL_Driver/Src/stm32l4xx_hal_pwr_ex.o
LOAD ./Drivers/STM32L4xx_HAL_Driver/Src/stm32l4xx_hal_qspi.o
LOAD ./Drivers/STM32L4xx_HAL_Driver/Src/stm32l4xx_hal_rcc.o
LOAD ./Drivers/STM32L4xx_HAL_Driver/Src/stm32l4xx_hal_rcc_ex.o
LOAD ./Drivers/STM32L4xx_HAL_Driver/Src/stm32l4xx_hal_spi.o
LOAD ./Drivers/STM32L4xx_HAL_Driver/Src/stm32l4xx_hal_spi_ex.o
LOAD ./Drivers/STM32L4xx_HAL_Driver/Src/stm32l4xx_hal_tim.o
LOAD ./Drivers/STM32L4xx_HAL_Driver/Src/stm32l4xx_hal_tim_ex.o
LOAD ./Drivers/STM32L4xx_HAL_Driver/Src/stm32l4xx_hal_uart.o
LOAD ./Drivers/STM32L4xx_HAL_Driver/Src/stm32l4xx_hal_uart_ex.o
LOAD ./Drivers/STM32L4xx_HAL_Driver/Src/stm32l4xx_ll_usb.o
LOAD ./Middlewares/Third_Party/FreeRTOS/Source/CMSIS_RTOS_V2/cmsis_os2.o
LOAD ./Middlewares/Third_Party/FreeRTOS/Source/croutine.o
LOAD ./Middlewares/Third_Party/FreeRTOS/Source/event_groups.o
LOAD ./Middlewares/Third_Party/FreeRTOS/Source/list.o
LOAD ./Middlewares/Third_Party/FreeRTOS/Source/queue.o
LOAD ./Middlewares/Third_Party/FreeRTOS/Source/stream_buffer.o
LOAD ./Middlewares/Third_Party/FreeRTOS/Source/tasks.o
LOAD ./Middlewares/Third_Party/FreeRTOS/Source/timers.o
LOAD ./Middlewares/Third_Party/FreeRTOS/Source/portable/GCC/ARM_CM4F/port.o
LOAD ./Middlewares/Third_Party/FreeRTOS/Source/portable/MemMang/heap_4.o
START GROUP
LOAD C:/ST/STM32CubeIDE_1.16.0/STM32CubeIDE/plugins/com.st.stm32cube.ide.mcu.externaltools.gnu-tools-for-stm32.12.3.rel1.win32_1.0.200.202406191623/tools/bin/../lib/gcc/arm-none-eabi/12.3.1/../../../../arm-none-eabi/lib/thumb/v7e-m+fp/hard\libc_nano.a
LOAD C:/ST/STM32CubeIDE_1.16.0/STM32CubeIDE/plugins/com.st.stm32cube.ide.mcu.externaltools.gnu-tools-for-stm32.12.3.rel1.win32_1.0.200.202406191623/tools/bin/../lib/gcc/arm-none-eabi/12.3.1/../../../../arm-none-eabi/lib/thumb/v7e-m+fp/hard\libm.a
END GROUP
START GROUP
LOAD C:/ST/STM32CubeIDE_1.16.0/STM32CubeIDE/plugins/com.st.stm32cube.ide.mcu.externaltools.gnu-tools-for-stm32.12.3.rel1.win32_1.0.200.202406191623/tools/bin/../lib/gcc/arm-none-eabi/12.3.1/thumb/v7e-m+fp/hard\libgcc.a
LOAD C:/ST/STM32CubeIDE_1.16.0/STM32CubeIDE/plugins/com.st.stm32cube.ide.mcu.externaltools.gnu-tools-for-stm32.12.3.rel1.win32_1.0.200.202406191623/tools/bin/../lib/gcc/arm-none-eabi/12.3.1/../../../../arm-none-eabi/lib/thumb/v7e-m+fp/hard\libc_nano.a
END GROUP
START GROUP
LOAD C:/ST/STM32CubeIDE_1.16.0/STM32CubeIDE/plugins/com.st.stm32cube.ide.mcu.externaltools.gnu-tools-for-stm32.12.3.rel1.win32_1.0.200.202406191623/tools/bin/../lib/gcc/arm-none-eabi/12.3.1/thumb/v7e-m+fp/hard\libgcc.a
LOAD C:/ST/STM32CubeIDE_1.16.0/STM32CubeIDE/plugins/com.st.stm32cube.ide.mcu.externaltools.gnu-tools-for-stm32.12.3.rel1.win32_1.0.200.202406191623/tools/bin/../lib/gcc/arm-none-eabi/12.3.1/../../../../arm-none-eabi/lib/thumb/v7e-m+fp/hard\libc_nano.a
LOAD C:/ST/STM32CubeIDE_1.16.0/STM32CubeIDE/plugins/com.st.stm32cube.ide.mcu.externaltools.gnu-tools-for-stm32.12.3.rel1.win32_1.0.200.202406191623/tools/bin/../lib/gcc/arm-none-eabi/12.3.1/../../../../arm-none-eabi/lib/thumb/v7e-m+fp/hard\libnosys.a
END GROUP
START GROUP
LOAD C:/ST/STM32CubeIDE_1.16.0/STM32CubeIDE/plugins/com.st.stm32cube.ide.mcu.externaltools.gnu-tools-for-stm32.12.3.rel1.win32_1.0.200.202406191623/tools/bin/../lib/gcc/arm-none-eabi/12.3.1/thumb/v7e-m+fp/hard\libgcc.a
LOAD C:/ST/STM32CubeIDE_1.16.0/STM32CubeIDE/plugins/com.st.stm32cube.ide.mcu.externaltools.gnu-tools-for-stm32.12.3.rel1.win32_1.0.200.202406191623/tools/bin/../lib/gcc/arm-none-eabi/12.3.1/../../../../arm-none-eabi/lib/thumb/v7e-m+fp/hard\libc_nano.a
LOAD C:/ST/STM32CubeIDE_1.16.0/STM32CubeIDE/plugins/com.st.stm32cube.ide.mcu.externaltools.gnu-tools-for-stm32.12.3.rel1.win32_1.0.200.202406191623/tools/bin/../lib/gcc/arm-none-eabi/12.3.1/../../../../arm-none-eabi/lib/thumb/v7e-m+fp/hard\libnosys.a
END GROUP
LOAD C:/ST/STM32CubeIDE_1.16.0/STM32CubeIDE/plugins/com.st.stm32cube.ide.mcu.externaltools.gnu-tools-for-stm32.12.3.rel1.win32_1.0.200.202406191623/tools/bin/../lib/gcc/arm-none-eabi/12.3.1/thumb/v7e-m+fp/hard/crtend.o
LOAD C:/ST/STM32CubeIDE_1.16.0/STM32CubeIDE/plugins/com.st.stm32cube.ide.mcu.externaltools.gnu-tools-for-stm32.12.3.rel1.win32_1.0.200.202406191623/tools/bin/../lib/gcc/arm-none-eabi/12.3.1/thumb/v7e-m+fp/hard/crtn.o
                0x20018000                        _estack = (ORIGIN (RAM) + LENGTH (RAM))
                0x00000200                        _Min_Heap_Size = 0x200
                0x00000400                        _Min_Stack_Size = 0x400

.isr_vector     0x08000000      0x188
                0x08000000                        . = ALIGN (0x4)
 *(.isr_vector)
 .isr_vector    0x08000000      0x188 ./Core/Startup/startup_stm32l475vgtx.o
                0x08000000                g_pfnVectors
                0x08000188                        . = ALIGN (0x4)

.text           0x08000190    0x12b54
                0x08000190                        . = ALIGN (0x4)
 *(.text)
 .text          0x08000190       0x40 C:/ST/STM32CubeIDE_1.16.0/STM32CubeIDE/plugins/com.st.stm32cube.ide.mcu.externaltools.gnu-tools-for-stm32.12.3.rel1.win32_1.0.200.202406191623/tools/bin/../lib/gcc/arm-none-eabi/12.3.1/thumb/v7e-m+fp/hard/crtbegin.o
 .text          0x080001d0       0xa0 C:/ST/STM32CubeIDE_1.16.0/STM32CubeIDE/plugins/com.st.stm32cube.ide.mcu.externaltools.gnu-tools-for-stm32.12.3.rel1.win32_1.0.200.202406191623/tools/bin/../lib/gcc/arm-none-eabi/12.3.1/../../../../arm-none-eabi/lib/thumb/v7e-m+fp/hard\libc_nano.a(libc_a-memchr.o)
                0x080001d0                memchr
 .text          0x08000270       0x10 C:/ST/STM32CubeIDE_1.16.0/STM32CubeIDE/plugins/com.st.stm32cube.ide.mcu.externaltools.gnu-tools-for-stm32.12.3.rel1.win32_1.0.200.202406191623/tools/bin/../lib/gcc/arm-none-eabi/12.3.1/../../../../arm-none-eabi/lib/thumb/v7e-m+fp/hard\libc_nano.a(libc_a-strlen.o)
                0x08000270                strlen
 .text          0x08000280      0x378 C:/ST/STM32CubeIDE_1.16.0/STM32CubeIDE/plugins/com.st.stm32cube.ide.mcu.externaltools.gnu-tools-for-stm32.12.3.rel1.win32_1.0.200.202406191623/tools/bin/../lib/gcc/arm-none-eabi/12.3.1/thumb/v7e-m+fp/hard\libgcc.a(_arm_addsubdf3.o)
                0x08000280                __aeabi_drsub
                0x08000288                __aeabi_dsub
                0x08000288                __subdf3
                0x0800028c                __aeabi_dadd
                0x0800028c                __adddf3
                0x08000504                __floatunsidf
                0x08000504                __aeabi_ui2d
                0x08000524                __floatsidf
                0x08000524                __aeabi_i2d
                0x08000548                __aeabi_f2d
                0x08000548                __extendsfdf2
                0x0800058c                __floatundidf
                0x0800058c                __aeabi_ul2d
                0x0800059c                __floatdidf
                0x0800059c                __aeabi_l2d
 .text          0x080005f8      0x424 C:/ST/STM32CubeIDE_1.16.0/STM32CubeIDE/plugins/com.st.stm32cube.ide.mcu.externaltools.gnu-tools-for-stm32.12.3.rel1.win32_1.0.200.202406191623/tools/bin/../lib/gcc/arm-none-eabi/12.3.1/thumb/v7e-m+fp/hard\libgcc.a(_arm_muldivdf3.o)
                0x080005f8                __aeabi_dmul
                0x080005f8                __muldf3
                0x0800084c                __divdf3
                0x0800084c                __aeabi_ddiv
 .text          0x08000a1c      0x110 C:/ST/STM32CubeIDE_1.16.0/STM32CubeIDE/plugins/com.st.stm32cube.ide.mcu.externaltools.gnu-tools-for-stm32.12.3.rel1.win32_1.0.200.202406191623/tools/bin/../lib/gcc/arm-none-eabi/12.3.1/thumb/v7e-m+fp/hard\libgcc.a(_arm_cmpdf2.o)
                0x08000a1c                __gtdf2
                0x08000a1c                __gedf2
                0x08000a24                __ltdf2
                0x08000a24                __ledf2
                0x08000a2c                __nedf2
                0x08000a2c                __eqdf2
                0x08000a2c                __cmpdf2
                0x08000aa8                __aeabi_cdrcmple
                0x08000ab8                __aeabi_cdcmpeq
                0x08000ab8                __aeabi_cdcmple
                0x08000ac8                __aeabi_dcmpeq
                0x08000adc                __aeabi_dcmplt
                0x08000af0                __aeabi_dcmple
                0x08000b04                __aeabi_dcmpge
                0x08000b18                __aeabi_dcmpgt
 .text          0x08000b2c       0x2c C:/ST/STM32CubeIDE_1.16.0/STM32CubeIDE/plugins/com.st.stm32cube.ide.mcu.externaltools.gnu-tools-for-stm32.12.3.rel1.win32_1.0.200.202406191623/tools/bin/../lib/gcc/arm-none-eabi/12.3.1/thumb/v7e-m+fp/hard\libgcc.a(_arm_unorddf2.o)
                0x08000b2c                __unorddf2
                0x08000b2c                __aeabi_dcmpun
 .text          0x08000b58       0x50 C:/ST/STM32CubeIDE_1.16.0/STM32CubeIDE/plugins/com.st.stm32cube.ide.mcu.externaltools.gnu-tools-for-stm32.12.3.rel1.win32_1.0.200.202406191623/tools/bin/../lib/gcc/arm-none-eabi/12.3.1/thumb/v7e-m+fp/hard\libgcc.a(_arm_fixdfsi.o)
                0x08000b58                __aeabi_d2iz
                0x08000b58                __fixdfsi
 .text          0x08000ba8       0x40 C:/ST/STM32CubeIDE_1.16.0/STM32CubeIDE/plugins/com.st.stm32cube.ide.mcu.externaltools.gnu-tools-for-stm32.12.3.rel1.win32_1.0.200.202406191623/tools/bin/../lib/gcc/arm-none-eabi/12.3.1/thumb/v7e-m+fp/hard\libgcc.a(_arm_fixunsdfsi.o)
                0x08000ba8                __aeabi_d2uiz
                0x08000ba8                __fixunsdfsi
 .text          0x08000be8       0xa0 C:/ST/STM32CubeIDE_1.16.0/STM32CubeIDE/plugins/com.st.stm32cube.ide.mcu.externaltools.gnu-tools-for-stm32.12.3.rel1.win32_1.0.200.202406191623/tools/bin/../lib/gcc/arm-none-eabi/12.3.1/thumb/v7e-m+fp/hard\libgcc.a(_arm_truncdfsf2.o)
                0x08000be8                __truncdfsf2
                0x08000be8                __aeabi_d2f
 .text          0x08000c88       0x30 C:/ST/STM32CubeIDE_1.16.0/STM32CubeIDE/plugins/com.st.stm32cube.ide.mcu.externaltools.gnu-tools-for-stm32.12.3.rel1.win32_1.0.200.202406191623/tools/bin/../lib/gcc/arm-none-eabi/12.3.1/thumb/v7e-m+fp/hard\libgcc.a(_aeabi_uldivmod.o)
                0x08000c88                __aeabi_uldivmod
 .text          0x08000cb8       0x30 C:/ST/STM32CubeIDE_1.16.0/STM32CubeIDE/plugins/com.st.stm32cube.ide.mcu.externaltools.gnu-tools-for-stm32.12.3.rel1.win32_1.0.200.202406191623/tools/bin/../lib/gcc/arm-none-eabi/12.3.1/thumb/v7e-m+fp/hard\libgcc.a(_fixdfdi.o)
                0x08000cb8                __fixdfdi
                0x08000cb8                __aeabi_d2lz
 .text          0x08000ce8       0x3c C:/ST/STM32CubeIDE_1.16.0/STM32CubeIDE/plugins/com.st.stm32cube.ide.mcu.externaltools.gnu-tools-for-stm32.12.3.rel1.win32_1.0.200.202406191623/tools/bin/../lib/gcc/arm-none-eabi/12.3.1/thumb/v7e-m+fp/hard\libgcc.a(_fixunsdfdi.o)
                0x08000ce8                __fixunsdfdi
                0x08000ce8                __aeabi_d2ulz
 .text          0x08000d24      0x2bc C:/ST/STM32CubeIDE_1.16.0/STM32CubeIDE/plugins/com.st.stm32cube.ide.mcu.externaltools.gnu-tools-for-stm32.12.3.rel1.win32_1.0.200.202406191623/tools/bin/../lib/gcc/arm-none-eabi/12.3.1/thumb/v7e-m+fp/hard\libgcc.a(_udivmoddi4.o)
                0x08000d24                __udivmoddi4
 .text          0x08000fe0        0x4 C:/ST/STM32CubeIDE_1.16.0/STM32CubeIDE/plugins/com.st.stm32cube.ide.mcu.externaltools.gnu-tools-for-stm32.12.3.rel1.win32_1.0.200.202406191623/tools/bin/../lib/gcc/arm-none-eabi/12.3.1/thumb/v7e-m+fp/hard\libgcc.a(_dvmd_tls.o)
                0x08000fe0                __aeabi_idiv0
                0x08000fe0                __aeabi_ldiv0
 *(.text*)
 .text.__io_putchar
                0x08000fe4       0x24 ./Core/Src/main.o
                0x08000fe4                __io_putchar
 .text.WIFI_init_connect
                0x08001008      0x18c ./Core/Src/main.o
                0x08001008                WIFI_init_connect
 .text.my_lsm6dsl_init
                0x08001194       0x7c ./Core/Src/main.o
                0x08001194                my_lsm6dsl_init
 .text.main     0x08001210       0xec ./Core/Src/main.o
                0x08001210                main
 .text.SystemClock_Config
                0x080012fc       0xc4 ./Core/Src/main.o
                0x080012fc                SystemClock_Config
 .text.MX_DFSDM1_Init
                0x080013c0       0x70 ./Core/Src/main.o
 .text.MX_I2C2_Init
                0x08001430       0x7c ./Core/Src/main.o
 .text.MX_QUADSPI_Init
                0x080014ac       0x4c ./Core/Src/main.o
 .text.MX_SPI3_Init
                0x080014f8       0x7c ./Core/Src/main.o
 .text.MX_TIM6_Init
                0x08001574       0x70 ./Core/Src/main.o
 .text.MX_USART1_UART_Init
                0x080015e4       0x60 ./Core/Src/main.o
 .text.MX_GPIO_Init
                0x08001644      0x364 ./Core/Src/main.o
 .text.HAL_GPIO_EXTI_Callback
                0x080019a8      0x138 ./Core/Src/main.o
                0x080019a8                HAL_GPIO_EXTI_Callback
 .text.SPI3_IRQHandler
                0x08001ae0       0x14 ./Core/Src/main.o
                0x08001ae0                SPI3_IRQHandler
 .text.HAL_TIM_PeriodElapsedCallback
                0x08001af4       0x38 ./Core/Src/main.o
                0x08001af4                HAL_TIM_PeriodElapsedCallback
 .text.StartDefaultTask
                0x08001b2c      0x238 ./Core/Src/main.o
                0x08001b2c                StartDefaultTask
 *fill*         0x08001d64        0x4 
 .text.StartacqTask
                0x08001d68      0x224 ./Core/Src/main.o
                0x08001d68                StartacqTask
 .text.StartcommTask
                0x08001f8c      0x190 ./Core/Src/main.o
                0x08001f8c                StartcommTask
 .text.Error_Handler
                0x0800211c        0xc ./Core/Src/main.o
                0x0800211c                Error_Handler
 .text.HAL_MspInit
                0x08002128       0x50 ./Core/Src/stm32l4xx_hal_msp.o
                0x08002128                HAL_MspInit
 .text.HAL_DFSDM_ChannelMspInit
                0x08002178       0xc8 ./Core/Src/stm32l4xx_hal_msp.o
                0x08002178                HAL_DFSDM_ChannelMspInit
 .text.HAL_I2C_MspInit
                0x08002240       0xbc ./Core/Src/stm32l4xx_hal_msp.o
                0x08002240                HAL_I2C_MspInit
 .text.HAL_I2C_MspDeInit
                0x080022fc       0x48 ./Core/Src/stm32l4xx_hal_msp.o
                0x080022fc                HAL_I2C_MspDeInit
 .text.HAL_QSPI_MspInit
                0x08002344       0x88 ./Core/Src/stm32l4xx_hal_msp.o
                0x08002344                HAL_QSPI_MspInit
 .text.HAL_SPI_MspInit
                0x080023cc       0x88 ./Core/Src/stm32l4xx_hal_msp.o
                0x080023cc                HAL_SPI_MspInit
 .text.HAL_SPI_MspDeInit
                0x08002454       0x3c ./Core/Src/stm32l4xx_hal_msp.o
                0x08002454                HAL_SPI_MspDeInit
 .text.HAL_TIM_Base_MspInit
                0x08002490       0x4c ./Core/Src/stm32l4xx_hal_msp.o
                0x08002490                HAL_TIM_Base_MspInit
 .text.HAL_UART_MspInit
                0x080024dc      0x148 ./Core/Src/stm32l4xx_hal_msp.o
                0x080024dc                HAL_UART_MspInit
 .text.NMI_Handler
                0x08002624        0x8 ./Core/Src/stm32l4xx_it.o
                0x08002624                NMI_Handler
 .text.HardFault_Handler
                0x0800262c        0x8 ./Core/Src/stm32l4xx_it.o
                0x0800262c                HardFault_Handler
 .text.MemManage_Handler
                0x08002634        0x8 ./Core/Src/stm32l4xx_it.o
                0x08002634                MemManage_Handler
 .text.BusFault_Handler
                0x0800263c        0x8 ./Core/Src/stm32l4xx_it.o
                0x0800263c                BusFault_Handler
 .text.UsageFault_Handler
                0x08002644        0x8 ./Core/Src/stm32l4xx_it.o
                0x08002644                UsageFault_Handler
 .text.DebugMon_Handler
                0x0800264c        0xe ./Core/Src/stm32l4xx_it.o
                0x0800264c                DebugMon_Handler
 .text.SysTick_Handler
                0x0800265a       0x1a ./Core/Src/stm32l4xx_it.o
                0x0800265a                SysTick_Handler
 .text.EXTI9_5_IRQHandler
                0x08002674       0x22 ./Core/Src/stm32l4xx_it.o
                0x08002674                EXTI9_5_IRQHandler
 .text.EXTI15_10_IRQHandler
                0x08002696       0x30 ./Core/Src/stm32l4xx_it.o
                0x08002696                EXTI15_10_IRQHandler
 *fill*         0x080026c6        0x2 
 .text.TIM6_DAC_IRQHandler
                0x080026c8       0x14 ./Core/Src/stm32l4xx_it.o
                0x080026c8                TIM6_DAC_IRQHandler
 .text.EXTI1_IRQHandler
                0x080026dc        0xe ./Core/Src/stm32l4xx_it.o
                0x080026dc                EXTI1_IRQHandler
 .text._getpid  0x080026ea       0x10 ./Core/Src/syscalls.o
                0x080026ea                _getpid
 .text._kill    0x080026fa       0x20 ./Core/Src/syscalls.o
                0x080026fa                _kill
 .text._exit    0x0800271a       0x16 ./Core/Src/syscalls.o
                0x0800271a                _exit
 .text._read    0x08002730       0x3a ./Core/Src/syscalls.o
                0x08002730                _read
 .text._write   0x0800276a       0x38 ./Core/Src/syscalls.o
                0x0800276a                _write
 .text._close   0x080027a2       0x18 ./Core/Src/syscalls.o
                0x080027a2                _close
 .text._fstat   0x080027ba       0x20 ./Core/Src/syscalls.o
                0x080027ba                _fstat
 .text._isatty  0x080027da       0x16 ./Core/Src/syscalls.o
                0x080027da                _isatty
 .text._lseek   0x080027f0       0x1a ./Core/Src/syscalls.o
                0x080027f0                _lseek
 *fill*         0x0800280a        0x2 
 .text._sbrk    0x0800280c       0x6c ./Core/Src/sysmem.o
                0x0800280c                _sbrk
 .text.SystemInit
                0x08002878       0x24 ./Core/Src/system_stm32l4xx.o
                0x08002878                SystemInit
 .text.Reset_Handler
                0x0800289c       0x50 ./Core/Startup/startup_stm32l475vgtx.o
                0x0800289c                Reset_Handler
 .text.Default_Handler
                0x080028ec        0x2 ./Core/Startup/startup_stm32l475vgtx.o
                0x080028ec                RTC_Alarm_IRQHandler
                0x080028ec                EXTI2_IRQHandler
                0x080028ec                TIM8_TRG_COM_IRQHandler
                0x080028ec                TIM8_CC_IRQHandler
                0x080028ec                TIM1_CC_IRQHandler
                0x080028ec                TSC_IRQHandler
                0x080028ec                TAMP_STAMP_IRQHandler
                0x080028ec                EXTI3_IRQHandler
                0x080028ec                LPTIM2_IRQHandler
                0x080028ec                DFSDM1_FLT1_IRQHandler
                0x080028ec                I2C3_ER_IRQHandler
                0x080028ec                DFSDM1_FLT2_IRQHandler
                0x080028ec                EXTI0_IRQHandler
                0x080028ec                I2C2_EV_IRQHandler
                0x080028ec                CAN1_RX0_IRQHandler
                0x080028ec                FPU_IRQHandler
                0x080028ec                TIM1_UP_TIM16_IRQHandler
                0x080028ec                ADC1_2_IRQHandler
                0x080028ec                SPI1_IRQHandler
                0x080028ec                TIM8_UP_IRQHandler
                0x080028ec                DMA2_Channel2_IRQHandler
                0x080028ec                DMA1_Channel4_IRQHandler
                0x080028ec                SAI2_IRQHandler
                0x080028ec                DFSDM1_FLT3_IRQHandler
                0x080028ec                USART3_IRQHandler
                0x080028ec                DMA1_Channel7_IRQHandler
                0x080028ec                CAN1_RX1_IRQHandler
                0x080028ec                UART5_IRQHandler
                0x080028ec                ADC3_IRQHandler
                0x080028ec                TIM4_IRQHandler
                0x080028ec                DMA2_Channel1_IRQHandler
                0x080028ec                QUADSPI_IRQHandler
                0x080028ec                I2C1_EV_IRQHandler
                0x080028ec                DMA1_Channel6_IRQHandler
                0x080028ec                UART4_IRQHandler
                0x080028ec                DMA2_Channel4_IRQHandler
                0x080028ec                TIM3_IRQHandler
                0x080028ec                RCC_IRQHandler
                0x080028ec                DMA1_Channel1_IRQHandler
                0x080028ec                Default_Handler
                0x080028ec                DMA2_Channel7_IRQHandler
                0x080028ec                TIM7_IRQHandler
                0x080028ec                SDMMC1_IRQHandler
                0x080028ec                TIM5_IRQHandler
                0x080028ec                I2C3_EV_IRQHandler
                0x080028ec                RTC_WKUP_IRQHandler
                0x080028ec                PVD_PVM_IRQHandler
                0x080028ec                SPI2_IRQHandler
                0x080028ec                CAN1_TX_IRQHandler
                0x080028ec                DMA2_Channel5_IRQHandler
                0x080028ec                DMA1_Channel5_IRQHandler
                0x080028ec                EXTI4_IRQHandler
                0x080028ec                RNG_IRQHandler
                0x080028ec                TIM1_TRG_COM_TIM17_IRQHandler
                0x080028ec                DMA1_Channel3_IRQHandler
                0x080028ec                COMP_IRQHandler
                0x080028ec                WWDG_IRQHandler
                0x080028ec                LPUART1_IRQHandler
                0x080028ec                DMA2_Channel6_IRQHandler
                0x080028ec                TIM2_IRQHandler
                0x080028ec                USART2_IRQHandler
                0x080028ec                DFSDM1_FLT0_IRQHandler
                0x080028ec                I2C2_ER_IRQHandler
                0x080028ec                DMA1_Channel2_IRQHandler
                0x080028ec                TIM8_BRK_IRQHandler
                0x080028ec                CAN1_SCE_IRQHandler
                0x080028ec                FLASH_IRQHandler
                0x080028ec                USART1_IRQHandler
                0x080028ec                OTG_FS_IRQHandler
                0x080028ec                I2C1_ER_IRQHandler
                0x080028ec                FMC_IRQHandler
                0x080028ec                SWPMI1_IRQHandler
                0x080028ec                LPTIM1_IRQHandler
                0x080028ec                SAI1_IRQHandler
                0x080028ec                DMA2_Channel3_IRQHandler
                0x080028ec                TIM1_BRK_TIM15_IRQHandler
 .text.Hex2Num  0x080028ee       0x54 ./Core/WIFI/es_wifi.o
 .text.ParseHexNumber
                0x08002942       0x86 ./Core/WIFI/es_wifi.o
 .text.ParseNumber
                0x080029c8       0x88 ./Core/WIFI/es_wifi.o
 .text.ParseMAC
                0x08002a50       0x6e ./Core/WIFI/es_wifi.o
 .text.ParseIP  0x08002abe       0x6e ./Core/WIFI/es_wifi.o
 .text.AT_ParseInfo
                0x08002b2c      0x11c ./Core/WIFI/es_wifi.o
 .text.AT_ParseConnSettings
                0x08002c48      0x17c ./Core/WIFI/es_wifi.o
 .text.AT_ExecuteCommand
                0x08002dc4       0xe0 ./Core/WIFI/es_wifi.o
 .text.AT_RequestSendData
                0x08002ea4      0x100 ./Core/WIFI/es_wifi.o
 .text.AT_RequestReceiveData
                0x08002fa4      0x144 ./Core/WIFI/es_wifi.o
 .text.ES_WIFI_Init
                0x080030e8       0x68 ./Core/WIFI/es_wifi.o
                0x080030e8                ES_WIFI_Init
 .text.ES_WIFI_RegisterBusIO
                0x08003150       0x66 ./Core/WIFI/es_wifi.o
                0x08003150                ES_WIFI_RegisterBusIO
 *fill*         0x080031b6        0x2 
 .text.ES_WIFI_Connect
                0x080031b8       0xf0 ./Core/WIFI/es_wifi.o
                0x080031b8                ES_WIFI_Connect
 .text.ES_WIFI_IsConnected
                0x080032a8       0x60 ./Core/WIFI/es_wifi.o
                0x080032a8                ES_WIFI_IsConnected
 .text.ES_WIFI_GetNetworkSettings
                0x08003308       0x54 ./Core/WIFI/es_wifi.o
                0x08003308                ES_WIFI_GetNetworkSettings
 .text.ES_WIFI_GetMACAddress
                0x0800335c       0x6c ./Core/WIFI/es_wifi.o
                0x0800335c                ES_WIFI_GetMACAddress
 .text.ES_WIFI_StartClientConnection
                0x080033c8      0x1d4 ./Core/WIFI/es_wifi.o
                0x080033c8                ES_WIFI_StartClientConnection
 .text.ES_WIFI_SendData
                0x0800359c      0x178 ./Core/WIFI/es_wifi.o
                0x0800359c                ES_WIFI_SendData
 .text.ES_WIFI_ReceiveData
                0x08003714      0x180 ./Core/WIFI/es_wifi.o
                0x08003714                ES_WIFI_ReceiveData
 .text.SPI_WIFI_MspInit
                0x08003894      0x178 ./Core/WIFI/es_wifi_io.o
                0x08003894                SPI_WIFI_MspInit
 .text.SPI_WIFI_Init
                0x08003a0c       0xbc ./Core/WIFI/es_wifi_io.o
                0x08003a0c                SPI_WIFI_Init
 .text.SPI_WIFI_ResetModule
                0x08003ac8       0xf4 ./Core/WIFI/es_wifi_io.o
                0x08003ac8                SPI_WIFI_ResetModule
 .text.SPI_WIFI_DeInit
                0x08003bbc       0x14 ./Core/WIFI/es_wifi_io.o
                0x08003bbc                SPI_WIFI_DeInit
 .text.wait_cmddata_rdy_high
                0x08003bd0       0x44 ./Core/WIFI/es_wifi_io.o
 .text.wait_cmddata_rdy_rising_event
                0x08003c14       0x40 ./Core/WIFI/es_wifi_io.o
 .text.wait_spi_rx_event
                0x08003c54       0x40 ./Core/WIFI/es_wifi_io.o
 .text.wait_spi_tx_event
                0x08003c94       0x40 ./Core/WIFI/es_wifi_io.o
 .text.SPI_WIFI_ReceiveData
                0x08003cd4       0xf4 ./Core/WIFI/es_wifi_io.o
                0x08003cd4                SPI_WIFI_ReceiveData
 .text.SPI_WIFI_SendData
                0x08003dc8       0xdc ./Core/WIFI/es_wifi_io.o
                0x08003dc8                SPI_WIFI_SendData
 .text.SPI_WIFI_Delay
                0x08003ea4       0x16 ./Core/WIFI/es_wifi_io.o
                0x08003ea4                SPI_WIFI_Delay
 *fill*         0x08003eba        0x2 
 .text.SPI_WIFI_DelayUs
                0x08003ebc       0xa4 ./Core/WIFI/es_wifi_io.o
 .text.HAL_SPI_RxCpltCallback
                0x08003f60       0x28 ./Core/WIFI/es_wifi_io.o
                0x08003f60                HAL_SPI_RxCpltCallback
 .text.HAL_SPI_TxCpltCallback
                0x08003f88       0x28 ./Core/WIFI/es_wifi_io.o
                0x08003f88                HAL_SPI_TxCpltCallback
 .text.SPI_WIFI_ISR
                0x08003fb0       0x20 ./Core/WIFI/es_wifi_io.o
                0x08003fb0                SPI_WIFI_ISR
 .text.WIFI_Init
                0x08003fd0       0x58 ./Core/WIFI/wifi.o
                0x08003fd0                WIFI_Init
 .text.WIFI_Connect
                0x08004028       0x44 ./Core/WIFI/wifi.o
                0x08004028                WIFI_Connect
 .text.WIFI_GetMAC_Address
                0x0800406c       0x40 ./Core/WIFI/wifi.o
                0x0800406c                WIFI_GetMAC_Address
 .text.WIFI_GetIP_Address
                0x080040ac       0x48 ./Core/WIFI/wifi.o
                0x080040ac                WIFI_GetIP_Address
 .text.WIFI_OpenClientConnection
                0x080040f4       0x78 ./Core/WIFI/wifi.o
                0x080040f4                WIFI_OpenClientConnection
 .text.WIFI_SendData
                0x0800416c       0x44 ./Core/WIFI/wifi.o
                0x0800416c                WIFI_SendData
 .text.WIFI_ReceiveData
                0x080041b0       0x44 ./Core/WIFI/wifi.o
                0x080041b0                WIFI_ReceiveData
 .text.I2Cx_MspInit
                0x080041f4       0xb0 ./Drivers/BSP/B-L475E-IOT01/stm32l475e_iot01.o
 .text.I2Cx_Init
                0x080042a4       0x5c ./Drivers/BSP/B-L475E-IOT01/stm32l475e_iot01.o
 .text.I2Cx_ReadMultiple
                0x08004300       0x5a ./Drivers/BSP/B-L475E-IOT01/stm32l475e_iot01.o
 .text.I2Cx_WriteMultiple
                0x0800435a       0x5a ./Drivers/BSP/B-L475E-IOT01/stm32l475e_iot01.o
 .text.I2Cx_Error
                0x080043b4       0x20 ./Drivers/BSP/B-L475E-IOT01/stm32l475e_iot01.o
 .text.SENSOR_IO_Init
                0x080043d4       0x14 ./Drivers/BSP/B-L475E-IOT01/stm32l475e_iot01.o
                0x080043d4                SENSOR_IO_Init
 .text.SENSOR_IO_Write
                0x080043e8       0x34 ./Drivers/BSP/B-L475E-IOT01/stm32l475e_iot01.o
                0x080043e8                SENSOR_IO_Write
 .text.SENSOR_IO_Read
                0x0800441c       0x3c ./Drivers/BSP/B-L475E-IOT01/stm32l475e_iot01.o
                0x0800441c                SENSOR_IO_Read
 .text.SENSOR_IO_ReadMultiple
                0x08004458       0x3c ./Drivers/BSP/B-L475E-IOT01/stm32l475e_iot01.o
                0x08004458                SENSOR_IO_ReadMultiple
 .text.BSP_ACCELERO_Init
                0x08004494       0x7c ./Drivers/BSP/B-L475E-IOT01/stm32l475e_iot01_accelero.o
                0x08004494                BSP_ACCELERO_Init
 .text.BSP_ACCELERO_AccGetXYZ
                0x08004510       0x30 ./Drivers/BSP/B-L475E-IOT01/stm32l475e_iot01_accelero.o
                0x08004510                BSP_ACCELERO_AccGetXYZ
 .text.BSP_GYRO_Init
                0x08004540       0x84 ./Drivers/BSP/B-L475E-IOT01/stm32l475e_iot01_gyro.o
                0x08004540                BSP_GYRO_Init
 .text.BSP_GYRO_GetXYZ
                0x080045c4       0x30 ./Drivers/BSP/B-L475E-IOT01/stm32l475e_iot01_gyro.o
                0x080045c4                BSP_GYRO_GetXYZ
 .text.LSM6DSL_AccInit
                0x080045f4       0x72 ./Drivers/BSP/Components/lsm6dsl/lsm6dsl.o
                0x080045f4                LSM6DSL_AccInit
 .text.LSM6DSL_AccDeInit
                0x08004666       0x32 ./Drivers/BSP/Components/lsm6dsl/lsm6dsl.o
                0x08004666                LSM6DSL_AccDeInit
 .text.LSM6DSL_AccReadID
                0x08004698       0x16 ./Drivers/BSP/Components/lsm6dsl/lsm6dsl.o
                0x08004698                LSM6DSL_AccReadID
 .text.LSM6DSL_AccLowPower
                0x080046ae       0x44 ./Drivers/BSP/Components/lsm6dsl/lsm6dsl.o
                0x080046ae                LSM6DSL_AccLowPower
 *fill*         0x080046f2        0x2 
 .text.LSM6DSL_AccReadXYZ
                0x080046f4      0x12c ./Drivers/BSP/Components/lsm6dsl/lsm6dsl.o
                0x080046f4                LSM6DSL_AccReadXYZ
 .text.LSM6DSL_GyroInit
                0x08004820       0x72 ./Drivers/BSP/Components/lsm6dsl/lsm6dsl.o
                0x08004820                LSM6DSL_GyroInit
 .text.LSM6DSL_GyroDeInit
                0x08004892       0x32 ./Drivers/BSP/Components/lsm6dsl/lsm6dsl.o
                0x08004892                LSM6DSL_GyroDeInit
 .text.LSM6DSL_GyroReadID
                0x080048c4       0x16 ./Drivers/BSP/Components/lsm6dsl/lsm6dsl.o
                0x080048c4                LSM6DSL_GyroReadID
 .text.LSM6DSL_GyroLowPower
                0x080048da       0x44 ./Drivers/BSP/Components/lsm6dsl/lsm6dsl.o
                0x080048da                LSM6DSL_GyroLowPower
 *fill*         0x0800491e        0x2 
 .text.LSM6DSL_GyroReadXYZAngRate
                0x08004920      0x124 ./Drivers/BSP/Components/lsm6dsl/lsm6dsl.o
                0x08004920                LSM6DSL_GyroReadXYZAngRate
 .text.HAL_Init
                0x08004a44       0x30 ./Drivers/STM32L4xx_HAL_Driver/Src/stm32l4xx_hal.o
                0x08004a44                HAL_Init
 .text.HAL_InitTick
                0x08004a74       0x78 ./Drivers/STM32L4xx_HAL_Driver/Src/stm32l4xx_hal.o
                0x08004a74                HAL_InitTick
 .text.HAL_IncTick
                0x08004aec       0x28 ./Drivers/STM32L4xx_HAL_Driver/Src/stm32l4xx_hal.o
                0x08004aec                HAL_IncTick
 .text.HAL_GetTick
                0x08004b14       0x18 ./Drivers/STM32L4xx_HAL_Driver/Src/stm32l4xx_hal.o
                0x08004b14                HAL_GetTick
 .text.HAL_Delay
                0x08004b2c       0x48 ./Drivers/STM32L4xx_HAL_Driver/Src/stm32l4xx_hal.o
                0x08004b2c                HAL_Delay
 .text.__NVIC_SetPriorityGrouping
                0x08004b74       0x48 ./Drivers/STM32L4xx_HAL_Driver/Src/stm32l4xx_hal_cortex.o
 .text.__NVIC_GetPriorityGrouping
                0x08004bbc       0x1c ./Drivers/STM32L4xx_HAL_Driver/Src/stm32l4xx_hal_cortex.o
 .text.__NVIC_EnableIRQ
                0x08004bd8       0x3c ./Drivers/STM32L4xx_HAL_Driver/Src/stm32l4xx_hal_cortex.o
 .text.__NVIC_SetPriority
                0x08004c14       0x54 ./Drivers/STM32L4xx_HAL_Driver/Src/stm32l4xx_hal_cortex.o
 .text.NVIC_EncodePriority
                0x08004c68       0x66 ./Drivers/STM32L4xx_HAL_Driver/Src/stm32l4xx_hal_cortex.o
 *fill*         0x08004cce        0x2 
 .text.SysTick_Config
                0x08004cd0       0x44 ./Drivers/STM32L4xx_HAL_Driver/Src/stm32l4xx_hal_cortex.o
 .text.HAL_NVIC_SetPriorityGrouping
                0x08004d14       0x16 ./Drivers/STM32L4xx_HAL_Driver/Src/stm32l4xx_hal_cortex.o
                0x08004d14                HAL_NVIC_SetPriorityGrouping
 .text.HAL_NVIC_SetPriority
                0x08004d2a       0x38 ./Drivers/STM32L4xx_HAL_Driver/Src/stm32l4xx_hal_cortex.o
                0x08004d2a                HAL_NVIC_SetPriority
 .text.HAL_NVIC_EnableIRQ
                0x08004d62       0x1c ./Drivers/STM32L4xx_HAL_Driver/Src/stm32l4xx_hal_cortex.o
                0x08004d62                HAL_NVIC_EnableIRQ
 .text.HAL_SYSTICK_Config
                0x08004d7e       0x18 ./Drivers/STM32L4xx_HAL_Driver/Src/stm32l4xx_hal_cortex.o
                0x08004d7e                HAL_SYSTICK_Config
 *fill*         0x08004d96        0x2 
 .text.HAL_DFSDM_ChannelInit
                0x08004d98      0x180 ./Drivers/STM32L4xx_HAL_Driver/Src/stm32l4xx_hal_dfsdm.o
                0x08004d98                HAL_DFSDM_ChannelInit
 .text.DFSDM_GetChannelFromInstance
                0x08004f18       0x98 ./Drivers/STM32L4xx_HAL_Driver/Src/stm32l4xx_hal_dfsdm.o
 .text.HAL_DMA_Abort_IT
                0x08004fb0       0x82 ./Drivers/STM32L4xx_HAL_Driver/Src/stm32l4xx_hal_dma.o
                0x08004fb0                HAL_DMA_Abort_IT
 *fill*         0x08005032        0x2 
 .text.HAL_GPIO_Init
                0x08005034      0x354 ./Drivers/STM32L4xx_HAL_Driver/Src/stm32l4xx_hal_gpio.o
                0x08005034                HAL_GPIO_Init
 .text.HAL_GPIO_DeInit
                0x08005388      0x1e8 ./Drivers/STM32L4xx_HAL_Driver/Src/stm32l4xx_hal_gpio.o
                0x08005388                HAL_GPIO_DeInit
 .text.HAL_GPIO_ReadPin
                0x08005570       0x30 ./Drivers/STM32L4xx_HAL_Driver/Src/stm32l4xx_hal_gpio.o
                0x08005570                HAL_GPIO_ReadPin
 .text.HAL_GPIO_WritePin
                0x080055a0       0x30 ./Drivers/STM32L4xx_HAL_Driver/Src/stm32l4xx_hal_gpio.o
                0x080055a0                HAL_GPIO_WritePin
 .text.HAL_GPIO_TogglePin
                0x080055d0       0x34 ./Drivers/STM32L4xx_HAL_Driver/Src/stm32l4xx_hal_gpio.o
                0x080055d0                HAL_GPIO_TogglePin
 .text.HAL_GPIO_EXTI_IRQHandler
                0x08005604       0x30 ./Drivers/STM32L4xx_HAL_Driver/Src/stm32l4xx_hal_gpio.o
                0x08005604                HAL_GPIO_EXTI_IRQHandler
 .text.HAL_I2C_Init
                0x08005634      0x136 ./Drivers/STM32L4xx_HAL_Driver/Src/stm32l4xx_hal_i2c.o
                0x08005634                HAL_I2C_Init
 .text.HAL_I2C_DeInit
                0x0800576a       0x5e ./Drivers/STM32L4xx_HAL_Driver/Src/stm32l4xx_hal_i2c.o
                0x0800576a                HAL_I2C_DeInit
 .text.HAL_I2C_Mem_Write
                0x080057c8      0x228 ./Drivers/STM32L4xx_HAL_Driver/Src/stm32l4xx_hal_i2c.o
                0x080057c8                HAL_I2C_Mem_Write
 .text.HAL_I2C_Mem_Read
                0x080059f0      0x234 ./Drivers/STM32L4xx_HAL_Driver/Src/stm32l4xx_hal_i2c.o
                0x080059f0                HAL_I2C_Mem_Read
 .text.I2C_RequestMemoryWrite
                0x08005c24       0xa8 ./Drivers/STM32L4xx_HAL_Driver/Src/stm32l4xx_hal_i2c.o
 .text.I2C_RequestMemoryRead
                0x08005ccc       0xa8 ./Drivers/STM32L4xx_HAL_Driver/Src/stm32l4xx_hal_i2c.o
 .text.I2C_Flush_TXDR
                0x08005d74       0x48 ./Drivers/STM32L4xx_HAL_Driver/Src/stm32l4xx_hal_i2c.o
 .text.I2C_WaitOnFlagUntilTimeout
                0x08005dbc       0xb2 ./Drivers/STM32L4xx_HAL_Driver/Src/stm32l4xx_hal_i2c.o
 .text.I2C_WaitOnTXISFlagUntilTimeout
                0x08005e6e       0x8e ./Drivers/STM32L4xx_HAL_Driver/Src/stm32l4xx_hal_i2c.o
 .text.I2C_WaitOnSTOPFlagUntilTimeout
                0x08005efc       0x86 ./Drivers/STM32L4xx_HAL_Driver/Src/stm32l4xx_hal_i2c.o
 *fill*         0x08005f82        0x2 
 .text.I2C_IsErrorOccurred
                0x08005f84      0x1c0 ./Drivers/STM32L4xx_HAL_Driver/Src/stm32l4xx_hal_i2c.o
 .text.I2C_TransferConfig
                0x08006144       0x64 ./Drivers/STM32L4xx_HAL_Driver/Src/stm32l4xx_hal_i2c.o
 .text.HAL_I2CEx_ConfigAnalogFilter
                0x080061a8       0x96 ./Drivers/STM32L4xx_HAL_Driver/Src/stm32l4xx_hal_i2c_ex.o
                0x080061a8                HAL_I2CEx_ConfigAnalogFilter
 .text.HAL_I2CEx_ConfigDigitalFilter
                0x0800623e       0x98 ./Drivers/STM32L4xx_HAL_Driver/Src/stm32l4xx_hal_i2c_ex.o
                0x0800623e                HAL_I2CEx_ConfigDigitalFilter
 *fill*         0x080062d6        0x2 
 .text.HAL_PWR_EnableBkUpAccess
                0x080062d8       0x20 ./Drivers/STM32L4xx_HAL_Driver/Src/stm32l4xx_hal_pwr.o
                0x080062d8                HAL_PWR_EnableBkUpAccess
 .text.HAL_PWREx_GetVoltageRange
                0x080062f8       0x1c ./Drivers/STM32L4xx_HAL_Driver/Src/stm32l4xx_hal_pwr_ex.o
                0x080062f8                HAL_PWREx_GetVoltageRange
 .text.HAL_PWREx_ControlVoltageScaling
                0x08006314       0xac ./Drivers/STM32L4xx_HAL_Driver/Src/stm32l4xx_hal_pwr_ex.o
                0x08006314                HAL_PWREx_ControlVoltageScaling
 .text.HAL_QSPI_Init
                0x080063c0       0xec ./Drivers/STM32L4xx_HAL_Driver/Src/stm32l4xx_hal_qspi.o
                0x080063c0                HAL_QSPI_Init
 .text.HAL_QSPI_SetTimeout
                0x080064ac       0x1c ./Drivers/STM32L4xx_HAL_Driver/Src/stm32l4xx_hal_qspi.o
                0x080064ac                HAL_QSPI_SetTimeout
 .text.QSPI_WaitFlagStateUntilTimeout
                0x080064c8       0x6e ./Drivers/STM32L4xx_HAL_Driver/Src/stm32l4xx_hal_qspi.o
 *fill*         0x08006536        0x2 
 .text.HAL_RCC_OscConfig
                0x08006538      0x7b8 ./Drivers/STM32L4xx_HAL_Driver/Src/stm32l4xx_hal_rcc.o
                0x08006538                HAL_RCC_OscConfig
 .text.HAL_RCC_ClockConfig
                0x08006cf0      0x200 ./Drivers/STM32L4xx_HAL_Driver/Src/stm32l4xx_hal_rcc.o
                0x08006cf0                HAL_RCC_ClockConfig
 .text.HAL_RCC_GetSysClockFreq
                0x08006ef0      0x118 ./Drivers/STM32L4xx_HAL_Driver/Src/stm32l4xx_hal_rcc.o
                0x08006ef0                HAL_RCC_GetSysClockFreq
 .text.HAL_RCC_GetHCLKFreq
                0x08007008       0x18 ./Drivers/STM32L4xx_HAL_Driver/Src/stm32l4xx_hal_rcc.o
                0x08007008                HAL_RCC_GetHCLKFreq
 .text.HAL_RCC_GetPCLK1Freq
                0x08007020       0x2c ./Drivers/STM32L4xx_HAL_Driver/Src/stm32l4xx_hal_rcc.o
                0x08007020                HAL_RCC_GetPCLK1Freq
 .text.HAL_RCC_GetPCLK2Freq
                0x0800704c       0x2c ./Drivers/STM32L4xx_HAL_Driver/Src/stm32l4xx_hal_rcc.o
                0x0800704c                HAL_RCC_GetPCLK2Freq
 .text.RCC_SetFlashLatencyFromMSIRange
                0x08007078       0xc0 ./Drivers/STM32L4xx_HAL_Driver/Src/stm32l4xx_hal_rcc.o
 .text.HAL_RCCEx_PeriphCLKConfig
                0x08007138      0x5d4 ./Drivers/STM32L4xx_HAL_Driver/Src/stm32l4xx_hal_rcc_ex.o
                0x08007138                HAL_RCCEx_PeriphCLKConfig
 .text.HAL_RCCEx_EnableMSIPLLMode
                0x0800770c       0x20 ./Drivers/STM32L4xx_HAL_Driver/Src/stm32l4xx_hal_rcc_ex.o
                0x0800770c                HAL_RCCEx_EnableMSIPLLMode
 .text.RCCEx_PLLSAI1_Config
                0x0800772c      0x1e8 ./Drivers/STM32L4xx_HAL_Driver/Src/stm32l4xx_hal_rcc_ex.o
 .text.RCCEx_PLLSAI2_Config
                0x08007914      0x1bc ./Drivers/STM32L4xx_HAL_Driver/Src/stm32l4xx_hal_rcc_ex.o
 .text.HAL_SPI_Init
                0x08007ad0      0x198 ./Drivers/STM32L4xx_HAL_Driver/Src/stm32l4xx_hal_spi.o
                0x08007ad0                HAL_SPI_Init
 .text.HAL_SPI_DeInit
                0x08007c68       0x50 ./Drivers/STM32L4xx_HAL_Driver/Src/stm32l4xx_hal_spi.o
                0x08007c68                HAL_SPI_DeInit
 .text.HAL_SPI_Receive
                0x08007cb8      0x3f2 ./Drivers/STM32L4xx_HAL_Driver/Src/stm32l4xx_hal_spi.o
                0x08007cb8                HAL_SPI_Receive
 .text.HAL_SPI_TransmitReceive
                0x080080aa      0x694 ./Drivers/STM32L4xx_HAL_Driver/Src/stm32l4xx_hal_spi.o
                0x080080aa                HAL_SPI_TransmitReceive
 *fill*         0x0800873e        0x2 
 .text.HAL_SPI_Transmit_IT
                0x08008740      0x138 ./Drivers/STM32L4xx_HAL_Driver/Src/stm32l4xx_hal_spi.o
                0x08008740                HAL_SPI_Transmit_IT
 .text.HAL_SPI_Receive_IT
                0x08008878      0x1a4 ./Drivers/STM32L4xx_HAL_Driver/Src/stm32l4xx_hal_spi.o
                0x08008878                HAL_SPI_Receive_IT
 .text.HAL_SPI_TransmitReceive_IT
                0x08008a1c      0x1a4 ./Drivers/STM32L4xx_HAL_Driver/Src/stm32l4xx_hal_spi.o
                0x08008a1c                HAL_SPI_TransmitReceive_IT
 .text.HAL_SPI_IRQHandler
                0x08008bc0      0x1e8 ./Drivers/STM32L4xx_HAL_Driver/Src/stm32l4xx_hal_spi.o
                0x08008bc0                HAL_SPI_IRQHandler
 .text.HAL_SPI_TxRxCpltCallback
                0x08008da8       0x14 ./Drivers/STM32L4xx_HAL_Driver/Src/stm32l4xx_hal_spi.o
                0x08008da8                HAL_SPI_TxRxCpltCallback
 .text.HAL_SPI_ErrorCallback
                0x08008dbc       0x14 ./Drivers/STM32L4xx_HAL_Driver/Src/stm32l4xx_hal_spi.o
                0x08008dbc                HAL_SPI_ErrorCallback
 .text.SPI_DMAAbortOnError
                0x08008dd0       0x2a ./Drivers/STM32L4xx_HAL_Driver/Src/stm32l4xx_hal_spi.o
 *fill*         0x08008dfa        0x2 
 .text.SPI_2linesRxISR_8BIT
                0x08008dfc       0xe4 ./Drivers/STM32L4xx_HAL_Driver/Src/stm32l4xx_hal_spi.o
 .text.SPI_2linesRxISR_8BITCRC
                0x08008ee0       0x58 ./Drivers/STM32L4xx_HAL_Driver/Src/stm32l4xx_hal_spi.o
 .text.SPI_2linesTxISR_8BIT
                0x08008f38       0xbc ./Drivers/STM32L4xx_HAL_Driver/Src/stm32l4xx_hal_spi.o
 .text.SPI_2linesRxISR_16BIT
                0x08008ff4       0x7c ./Drivers/STM32L4xx_HAL_Driver/Src/stm32l4xx_hal_spi.o
 .text.SPI_2linesRxISR_16BITCRC
                0x08009070       0x34 ./Drivers/STM32L4xx_HAL_Driver/Src/stm32l4xx_hal_spi.o
 .text.SPI_2linesTxISR_16BIT
                0x080090a4       0x8a ./Drivers/STM32L4xx_HAL_Driver/Src/stm32l4xx_hal_spi.o
 .text.SPI_RxISR_8BITCRC
                0x0800912e       0x3e ./Drivers/STM32L4xx_HAL_Driver/Src/stm32l4xx_hal_spi.o
 .text.SPI_RxISR_8BIT
                0x0800916c       0x8c ./Drivers/STM32L4xx_HAL_Driver/Src/stm32l4xx_hal_spi.o
 .text.SPI_RxISR_16BITCRC
                0x080091f8       0x34 ./Drivers/STM32L4xx_HAL_Driver/Src/stm32l4xx_hal_spi.o
 .text.SPI_RxISR_16BIT
                0x0800922c       0x88 ./Drivers/STM32L4xx_HAL_Driver/Src/stm32l4xx_hal_spi.o
 .text.SPI_TxISR_8BIT
                0x080092b4       0x60 ./Drivers/STM32L4xx_HAL_Driver/Src/stm32l4xx_hal_spi.o
 .text.SPI_TxISR_16BIT
                0x08009314       0x5e ./Drivers/STM32L4xx_HAL_Driver/Src/stm32l4xx_hal_spi.o
 *fill*         0x08009372        0x2 
 .text.SPI_WaitFlagStateUntilTimeout
                0x08009374      0x110 ./Drivers/STM32L4xx_HAL_Driver/Src/stm32l4xx_hal_spi.o
 .text.SPI_WaitFifoStateUntilTimeout
                0x08009484      0x12c ./Drivers/STM32L4xx_HAL_Driver/Src/stm32l4xx_hal_spi.o
 .text.SPI_EndRxTransaction
                0x080095b0       0xb0 ./Drivers/STM32L4xx_HAL_Driver/Src/stm32l4xx_hal_spi.o
 .text.SPI_EndRxTxTransaction
                0x08009660       0x8c ./Drivers/STM32L4xx_HAL_Driver/Src/stm32l4xx_hal_spi.o
 .text.SPI_CloseRxTx_ISR
                0x080096ec       0xb8 ./Drivers/STM32L4xx_HAL_Driver/Src/stm32l4xx_hal_spi.o
 .text.SPI_CloseRx_ISR
                0x080097a4       0x8c ./Drivers/STM32L4xx_HAL_Driver/Src/stm32l4xx_hal_spi.o
 .text.SPI_CloseTx_ISR
                0x08009830       0x7e ./Drivers/STM32L4xx_HAL_Driver/Src/stm32l4xx_hal_spi.o
 .text.HAL_TIM_Base_Init
                0x080098ae       0xae ./Drivers/STM32L4xx_HAL_Driver/Src/stm32l4xx_hal_tim.o
                0x080098ae                HAL_TIM_Base_Init
 .text.HAL_TIM_Base_Start_IT
                0x0800995c       0xe0 ./Drivers/STM32L4xx_HAL_Driver/Src/stm32l4xx_hal_tim.o
                0x0800995c                HAL_TIM_Base_Start_IT
 .text.HAL_TIM_Base_Stop_IT
                0x08009a3c       0x5e ./Drivers/STM32L4xx_HAL_Driver/Src/stm32l4xx_hal_tim.o
                0x08009a3c                HAL_TIM_Base_Stop_IT
 .text.HAL_TIM_IRQHandler
                0x08009a9a      0x20e ./Drivers/STM32L4xx_HAL_Driver/Src/stm32l4xx_hal_tim.o
                0x08009a9a                HAL_TIM_IRQHandler
 .text.HAL_TIM_OC_DelayElapsedCallback
                0x08009ca8       0x14 ./Drivers/STM32L4xx_HAL_Driver/Src/stm32l4xx_hal_tim.o
                0x08009ca8                HAL_TIM_OC_DelayElapsedCallback
 .text.HAL_TIM_IC_CaptureCallback
                0x08009cbc       0x14 ./Drivers/STM32L4xx_HAL_Driver/Src/stm32l4xx_hal_tim.o
                0x08009cbc                HAL_TIM_IC_CaptureCallback
 .text.HAL_TIM_PWM_PulseFinishedCallback
                0x08009cd0       0x14 ./Drivers/STM32L4xx_HAL_Driver/Src/stm32l4xx_hal_tim.o
                0x08009cd0                HAL_TIM_PWM_PulseFinishedCallback
 .text.HAL_TIM_TriggerCallback
                0x08009ce4       0x14 ./Drivers/STM32L4xx_HAL_Driver/Src/stm32l4xx_hal_tim.o
                0x08009ce4                HAL_TIM_TriggerCallback
 .text.TIM_Base_SetConfig
                0x08009cf8      0x14c ./Drivers/STM32L4xx_HAL_Driver/Src/stm32l4xx_hal_tim.o
                0x08009cf8                TIM_Base_SetConfig
 .text.HAL_TIMEx_MasterConfigSynchronization
                0x08009e44      0x110 ./Drivers/STM32L4xx_HAL_Driver/Src/stm32l4xx_hal_tim_ex.o
                0x08009e44                HAL_TIMEx_MasterConfigSynchronization
 .text.HAL_TIMEx_CommutCallback
                0x08009f54       0x14 ./Drivers/STM32L4xx_HAL_Driver/Src/stm32l4xx_hal_tim_ex.o
                0x08009f54                HAL_TIMEx_CommutCallback
 .text.HAL_TIMEx_BreakCallback
                0x08009f68       0x14 ./Drivers/STM32L4xx_HAL_Driver/Src/stm32l4xx_hal_tim_ex.o
                0x08009f68                HAL_TIMEx_BreakCallback
 .text.HAL_TIMEx_Break2Callback
                0x08009f7c       0x14 ./Drivers/STM32L4xx_HAL_Driver/Src/stm32l4xx_hal_tim_ex.o
                0x08009f7c                HAL_TIMEx_Break2Callback
 .text.HAL_UART_Init
                0x08009f90       0x9c ./Drivers/STM32L4xx_HAL_Driver/Src/stm32l4xx_hal_uart.o
                0x08009f90                HAL_UART_Init
 .text.HAL_UART_Transmit
                0x0800a02c      0x112 ./Drivers/STM32L4xx_HAL_Driver/Src/stm32l4xx_hal_uart.o
                0x0800a02c                HAL_UART_Transmit
 *fill*         0x0800a13e        0x2 
 .text.UART_SetConfig
                0x0800a140      0x570 ./Drivers/STM32L4xx_HAL_Driver/Src/stm32l4xx_hal_uart.o
                0x0800a140                UART_SetConfig
 .text.UART_AdvFeatureConfig
                0x0800a6b0      0x144 ./Drivers/STM32L4xx_HAL_Driver/Src/stm32l4xx_hal_uart.o
                0x0800a6b0                UART_AdvFeatureConfig
 .text.UART_CheckIdleState
                0x0800a7f4      0x150 ./Drivers/STM32L4xx_HAL_Driver/Src/stm32l4xx_hal_uart.o
                0x0800a7f4                UART_CheckIdleState
 .text.UART_WaitOnFlagUntilTimeout
                0x0800a944       0xda ./Drivers/STM32L4xx_HAL_Driver/Src/stm32l4xx_hal_uart.o
                0x0800a944                UART_WaitOnFlagUntilTimeout
 .text.UART_EndRxTransfer
                0x0800aa1e       0xc8 ./Drivers/STM32L4xx_HAL_Driver/Src/stm32l4xx_hal_uart.o
 *fill*         0x0800aae6        0x2 
 .text.__NVIC_SetPriority
                0x0800aae8       0x54 ./Middlewares/Third_Party/FreeRTOS/Source/CMSIS_RTOS_V2/cmsis_os2.o
 .text.SVC_Setup
                0x0800ab3c       0x12 ./Middlewares/Third_Party/FreeRTOS/Source/CMSIS_RTOS_V2/cmsis_os2.o
 *fill*         0x0800ab4e        0x2 
 .text.osKernelInitialize
                0x0800ab50       0x48 ./Middlewares/Third_Party/FreeRTOS/Source/CMSIS_RTOS_V2/cmsis_os2.o
                0x0800ab50                osKernelInitialize
 .text.osKernelStart
                0x0800ab98       0x4c ./Middlewares/Third_Party/FreeRTOS/Source/CMSIS_RTOS_V2/cmsis_os2.o
                0x0800ab98                osKernelStart
 .text.osThreadNew
                0x0800abe4      0x124 ./Middlewares/Third_Party/FreeRTOS/Source/CMSIS_RTOS_V2/cmsis_os2.o
                0x0800abe4                osThreadNew
 .text.osDelay  0x0800ad08       0x36 ./Middlewares/Third_Party/FreeRTOS/Source/CMSIS_RTOS_V2/cmsis_os2.o
                0x0800ad08                osDelay
 .text.osSemaphoreNew
                0x0800ad3e      0x112 ./Middlewares/Third_Party/FreeRTOS/Source/CMSIS_RTOS_V2/cmsis_os2.o
                0x0800ad3e                osSemaphoreNew
 .text.osSemaphoreAcquire
                0x0800ae50       0xa4 ./Middlewares/Third_Party/FreeRTOS/Source/CMSIS_RTOS_V2/cmsis_os2.o
                0x0800ae50                osSemaphoreAcquire
 .text.osSemaphoreRelease
                0x0800aef4       0x88 ./Middlewares/Third_Party/FreeRTOS/Source/CMSIS_RTOS_V2/cmsis_os2.o
                0x0800aef4                osSemaphoreRelease
 .text.vApplicationGetIdleTaskMemory
                0x0800af7c       0x34 ./Middlewares/Third_Party/FreeRTOS/Source/CMSIS_RTOS_V2/cmsis_os2.o
                0x0800af7c                vApplicationGetIdleTaskMemory
 .text.vApplicationGetTimerTaskMemory
                0x0800afb0       0x34 ./Middlewares/Third_Party/FreeRTOS/Source/CMSIS_RTOS_V2/cmsis_os2.o
                0x0800afb0                vApplicationGetTimerTaskMemory
 .text.vListInitialise
                0x0800afe4       0x40 ./Middlewares/Third_Party/FreeRTOS/Source/list.o
                0x0800afe4                vListInitialise
 .text.vListInitialiseItem
                0x0800b024       0x1a ./Middlewares/Third_Party/FreeRTOS/Source/list.o
                0x0800b024                vListInitialiseItem
 .text.vListInsertEnd
                0x0800b03e       0x48 ./Middlewares/Third_Party/FreeRTOS/Source/list.o
                0x0800b03e                vListInsertEnd
 .text.vListInsert
                0x0800b086       0x72 ./Middlewares/Third_Party/FreeRTOS/Source/list.o
                0x0800b086                vListInsert
 .text.uxListRemove
                0x0800b0f8       0x54 ./Middlewares/Third_Party/FreeRTOS/Source/list.o
                0x0800b0f8                uxListRemove
 .text.xQueueGenericReset
                0x0800b14c       0xd4 ./Middlewares/Third_Party/FreeRTOS/Source/queue.o
                0x0800b14c                xQueueGenericReset
 .text.xQueueGenericCreateStatic
                0x0800b220       0xfa ./Middlewares/Third_Party/FreeRTOS/Source/queue.o
                0x0800b220                xQueueGenericCreateStatic
 .text.xQueueGenericCreate
                0x0800b31a       0x76 ./Middlewares/Third_Party/FreeRTOS/Source/queue.o
                0x0800b31a                xQueueGenericCreate
 .text.prvInitialiseNewQueue
                0x0800b390       0x46 ./Middlewares/Third_Party/FreeRTOS/Source/queue.o
 .text.xQueueCreateCountingSemaphoreStatic
                0x0800b3d6       0x72 ./Middlewares/Third_Party/FreeRTOS/Source/queue.o
                0x0800b3d6                xQueueCreateCountingSemaphoreStatic
 .text.xQueueCreateCountingSemaphore
                0x0800b448       0x6a ./Middlewares/Third_Party/FreeRTOS/Source/queue.o
                0x0800b448                xQueueCreateCountingSemaphore
 *fill*         0x0800b4b2        0x2 
 .text.xQueueGenericSend
                0x0800b4b4      0x204 ./Middlewares/Third_Party/FreeRTOS/Source/queue.o
                0x0800b4b4                xQueueGenericSend
 .text.xQueueGenericSendFromISR
                0x0800b6b8      0x13c ./Middlewares/Third_Party/FreeRTOS/Source/queue.o
                0x0800b6b8                xQueueGenericSendFromISR
 .text.xQueueGiveFromISR
                0x0800b7f4      0x120 ./Middlewares/Third_Party/FreeRTOS/Source/queue.o
                0x0800b7f4                xQueueGiveFromISR
 .text.xQueueReceive
                0x0800b914      0x1c4 ./Middlewares/Third_Party/FreeRTOS/Source/queue.o
                0x0800b914                xQueueReceive
 .text.xQueueSemaphoreTake
                0x0800bad8      0x220 ./Middlewares/Third_Party/FreeRTOS/Source/queue.o
                0x0800bad8                xQueueSemaphoreTake
 .text.xQueueReceiveFromISR
                0x0800bcf8      0x104 ./Middlewares/Third_Party/FreeRTOS/Source/queue.o
                0x0800bcf8                xQueueReceiveFromISR
 .text.vQueueDelete
                0x0800bdfc       0x48 ./Middlewares/Third_Party/FreeRTOS/Source/queue.o
                0x0800bdfc                vQueueDelete
 .text.prvGetDisinheritPriorityAfterTimeout
                0x0800be44       0x30 ./Middlewares/Third_Party/FreeRTOS/Source/queue.o
 .text.prvCopyDataToQueue
                0x0800be74       0xd4 ./Middlewares/Third_Party/FreeRTOS/Source/queue.o
 .text.prvCopyDataFromQueue
                0x0800bf48       0x4c ./Middlewares/Third_Party/FreeRTOS/Source/queue.o
 .text.prvUnlockQueue
                0x0800bf94       0xa4 ./Middlewares/Third_Party/FreeRTOS/Source/queue.o
 .text.prvIsQueueEmpty
                0x0800c038       0x2c ./Middlewares/Third_Party/FreeRTOS/Source/queue.o
 .text.prvIsQueueFull
                0x0800c064       0x30 ./Middlewares/Third_Party/FreeRTOS/Source/queue.o
 .text.vQueueAddToRegistry
                0x0800c094       0x54 ./Middlewares/Third_Party/FreeRTOS/Source/queue.o
                0x0800c094                vQueueAddToRegistry
 .text.vQueueUnregisterQueue
                0x0800c0e8       0x54 ./Middlewares/Third_Party/FreeRTOS/Source/queue.o
                0x0800c0e8                vQueueUnregisterQueue
 .text.vQueueWaitForMessageRestricted
                0x0800c13c       0x68 ./Middlewares/Third_Party/FreeRTOS/Source/queue.o
                0x0800c13c                vQueueWaitForMessageRestricted
 .text.xTaskCreateStatic
                0x0800c1a4       0xc0 ./Middlewares/Third_Party/FreeRTOS/Source/tasks.o
                0x0800c1a4                xTaskCreateStatic
 .text.xTaskCreate
                0x0800c264       0x8a ./Middlewares/Third_Party/FreeRTOS/Source/tasks.o
                0x0800c264                xTaskCreate
 .text.prvInitialiseNewTask
                0x0800c2ee      0x120 ./Middlewares/Third_Party/FreeRTOS/Source/tasks.o
 *fill*         0x0800c40e        0x2 
 .text.prvAddNewTaskToReadyList
                0x0800c410       0xe0 ./Middlewares/Third_Party/FreeRTOS/Source/tasks.o
 .text.vTaskDelay
                0x0800c4f0       0x6c ./Middlewares/Third_Party/FreeRTOS/Source/tasks.o
                0x0800c4f0                vTaskDelay
 .text.vTaskStartScheduler
                0x0800c55c       0xd0 ./Middlewares/Third_Party/FreeRTOS/Source/tasks.o
                0x0800c55c                vTaskStartScheduler
 .text.vTaskSuspendAll
                0x0800c62c       0x1c ./Middlewares/Third_Party/FreeRTOS/Source/tasks.o
                0x0800c62c                vTaskSuspendAll
 .text.xTaskResumeAll
                0x0800c648      0x13c ./Middlewares/Third_Party/FreeRTOS/Source/tasks.o
                0x0800c648                xTaskResumeAll
 .text.xTaskGetTickCount
                0x0800c784       0x20 ./Middlewares/Third_Party/FreeRTOS/Source/tasks.o
                0x0800c784                xTaskGetTickCount
 .text.xTaskIncrementTick
                0x0800c7a4      0x174 ./Middlewares/Third_Party/FreeRTOS/Source/tasks.o
                0x0800c7a4                xTaskIncrementTick
 .text.vTaskSwitchContext
                0x0800c918       0xbc ./Middlewares/Third_Party/FreeRTOS/Source/tasks.o
                0x0800c918                vTaskSwitchContext
 .text.vTaskPlaceOnEventList
                0x0800c9d4       0x4c ./Middlewares/Third_Party/FreeRTOS/Source/tasks.o
                0x0800c9d4                vTaskPlaceOnEventList
 .text.vTaskPlaceOnEventListRestricted
                0x0800ca20       0x58 ./Middlewares/Third_Party/FreeRTOS/Source/tasks.o
                0x0800ca20                vTaskPlaceOnEventListRestricted
 .text.xTaskRemoveFromEventList
                0x0800ca78       0xc8 ./Middlewares/Third_Party/FreeRTOS/Source/tasks.o
                0x0800ca78                xTaskRemoveFromEventList
 .text.vTaskInternalSetTimeOutState
                0x0800cb40       0x2c ./Middlewares/Third_Party/FreeRTOS/Source/tasks.o
                0x0800cb40                vTaskInternalSetTimeOutState
 .text.xTaskCheckForTimeOut
                0x0800cb6c       0xc8 ./Middlewares/Third_Party/FreeRTOS/Source/tasks.o
                0x0800cb6c                xTaskCheckForTimeOut
 .text.vTaskMissedYield
                0x0800cc34       0x18 ./Middlewares/Third_Party/FreeRTOS/Source/tasks.o
                0x0800cc34                vTaskMissedYield
 .text.prvIdleTask
                0x0800cc4c       0x30 ./Middlewares/Third_Party/FreeRTOS/Source/tasks.o
 .text.prvInitialiseTaskLists
                0x0800cc7c       0x80 ./Middlewares/Third_Party/FreeRTOS/Source/tasks.o
 .text.prvCheckTasksWaitingTermination
                0x0800ccfc       0x5c ./Middlewares/Third_Party/FreeRTOS/Source/tasks.o
 .text.prvDeleteTCB
                0x0800cd58       0x60 ./Middlewares/Third_Party/FreeRTOS/Source/tasks.o
 .text.prvResetNextTaskUnblockTime
                0x0800cdb8       0x40 ./Middlewares/Third_Party/FreeRTOS/Source/tasks.o
 .text.xTaskGetSchedulerState
                0x0800cdf8       0x3c ./Middlewares/Third_Party/FreeRTOS/Source/tasks.o
                0x0800cdf8                xTaskGetSchedulerState
 .text.xTaskPriorityInherit
                0x0800ce34       0xd0 ./Middlewares/Third_Party/FreeRTOS/Source/tasks.o
                0x0800ce34                xTaskPriorityInherit
 .text.xTaskPriorityDisinherit
                0x0800cf04       0xe0 ./Middlewares/Third_Party/FreeRTOS/Source/tasks.o
                0x0800cf04                xTaskPriorityDisinherit
 .text.vTaskPriorityDisinheritAfterTimeout
                0x0800cfe4      0x108 ./Middlewares/Third_Party/FreeRTOS/Source/tasks.o
                0x0800cfe4                vTaskPriorityDisinheritAfterTimeout
 .text.pvTaskIncrementMutexHeldCount
                0x0800d0ec       0x28 ./Middlewares/Third_Party/FreeRTOS/Source/tasks.o
                0x0800d0ec                pvTaskIncrementMutexHeldCount
 .text.prvAddCurrentTaskToDelayedList
                0x0800d114       0xa8 ./Middlewares/Third_Party/FreeRTOS/Source/tasks.o
 .text.xTimerCreateTimerTask
                0x0800d1bc       0x94 ./Middlewares/Third_Party/FreeRTOS/Source/timers.o
                0x0800d1bc                xTimerCreateTimerTask
 .text.xTimerGenericCommand
                0x0800d250       0x9c ./Middlewares/Third_Party/FreeRTOS/Source/timers.o
                0x0800d250                xTimerGenericCommand
 .text.prvProcessExpiredTimer
                0x0800d2ec       0x9c ./Middlewares/Third_Party/FreeRTOS/Source/timers.o
 .text.prvTimerTask
                0x0800d388       0x26 ./Middlewares/Third_Party/FreeRTOS/Source/timers.o
 *fill*         0x0800d3ae        0x2 
 .text.prvProcessTimerOrBlockTask
                0x0800d3b0       0x9c ./Middlewares/Third_Party/FreeRTOS/Source/timers.o
 .text.prvGetNextExpireTime
                0x0800d44c       0x48 ./Middlewares/Third_Party/FreeRTOS/Source/timers.o
 .text.prvSampleTimeNow
                0x0800d494       0x40 ./Middlewares/Third_Party/FreeRTOS/Source/timers.o
 .text.prvInsertTimerInActiveList
                0x0800d4d4       0x84 ./Middlewares/Third_Party/FreeRTOS/Source/timers.o
 .text.prvProcessReceivedCommands
                0x0800d558      0x1cc ./Middlewares/Third_Party/FreeRTOS/Source/timers.o
 .text.prvSwitchTimerLists
                0x0800d724       0xcc ./Middlewares/Third_Party/FreeRTOS/Source/timers.o
 .text.prvCheckForValidListAndQueue
                0x0800d7f0       0x80 ./Middlewares/Third_Party/FreeRTOS/Source/timers.o
 .text.pxPortInitialiseStack
                0x0800d870       0x68 ./Middlewares/Third_Party/FreeRTOS/Source/portable/GCC/ARM_CM4F/port.o
                0x0800d870                pxPortInitialiseStack
 .text.prvTaskExitError
                0x0800d8d8       0x5c ./Middlewares/Third_Party/FreeRTOS/Source/portable/GCC/ARM_CM4F/port.o
 *fill*         0x0800d934        0xc 
 .text.SVC_Handler
                0x0800d940       0x28 ./Middlewares/Third_Party/FreeRTOS/Source/portable/GCC/ARM_CM4F/port.o
                0x0800d940                SVC_Handler
 .text.prvPortStartFirstTask
                0x0800d968       0x28 ./Middlewares/Third_Party/FreeRTOS/Source/portable/GCC/ARM_CM4F/port.o
 .text.xPortStartScheduler
                0x0800d990      0x148 ./Middlewares/Third_Party/FreeRTOS/Source/portable/GCC/ARM_CM4F/port.o
                0x0800d990                xPortStartScheduler
 .text.vPortEnterCritical
                0x0800dad8       0x64 ./Middlewares/Third_Party/FreeRTOS/Source/portable/GCC/ARM_CM4F/port.o
                0x0800dad8                vPortEnterCritical
 .text.vPortExitCritical
                0x0800db3c       0x54 ./Middlewares/Third_Party/FreeRTOS/Source/portable/GCC/ARM_CM4F/port.o
                0x0800db3c                vPortExitCritical
 .text.PendSV_Handler
                0x0800db90       0x68 ./Middlewares/Third_Party/FreeRTOS/Source/portable/GCC/ARM_CM4F/port.o
                0x0800db90                PendSV_Handler
 .text.xPortSysTickHandler
                0x0800dbf8       0x44 ./Middlewares/Third_Party/FreeRTOS/Source/portable/GCC/ARM_CM4F/port.o
                0x0800dbf8                xPortSysTickHandler
 .text.vPortSetupTimerInterrupt
                0x0800dc3c       0x48 ./Middlewares/Third_Party/FreeRTOS/Source/portable/GCC/ARM_CM4F/port.o
                0x0800dc3c                vPortSetupTimerInterrupt
 .text.vPortEnableVFP
                0x0800dc84       0x14 ./Middlewares/Third_Party/FreeRTOS/Source/portable/GCC/ARM_CM4F/port.o
 .text.vPortValidateInterruptPriority
                0x0800dc98       0x84 ./Middlewares/Third_Party/FreeRTOS/Source/portable/GCC/ARM_CM4F/port.o
                0x0800dc98                vPortValidateInterruptPriority
 .text.pvPortMalloc
                0x0800dd1c      0x19c ./Middlewares/Third_Party/FreeRTOS/Source/portable/MemMang/heap_4.o
                0x0800dd1c                pvPortMalloc
 .text.vPortFree
                0x0800deb8       0xc8 ./Middlewares/Third_Party/FreeRTOS/Source/portable/MemMang/heap_4.o
                0x0800deb8                vPortFree
 .text.prvHeapInit
                0x0800df80       0xc4 ./Middlewares/Third_Party/FreeRTOS/Source/portable/MemMang/heap_4.o
 .text.prvInsertBlockIntoFreeList
                0x0800e044       0xb4 ./Middlewares/Third_Party/FreeRTOS/Source/portable/MemMang/heap_4.o
 .text.__cvt    0x0800e0f8       0xca C:/ST/STM32CubeIDE_1.16.0/STM32CubeIDE/plugins/com.st.stm32cube.ide.mcu.externaltools.gnu-tools-for-stm32.12.3.rel1.win32_1.0.200.202406191623/tools/bin/../lib/gcc/arm-none-eabi/12.3.1/../../../../arm-none-eabi/lib/thumb/v7e-m+fp/hard\libc_nano.a(libc_a-nano-vfprintf_float.o)
                0x0800e0f8                __cvt
 .text.__exponent
                0x0800e1c2       0x74 C:/ST/STM32CubeIDE_1.16.0/STM32CubeIDE/plugins/com.st.stm32cube.ide.mcu.externaltools.gnu-tools-for-stm32.12.3.rel1.win32_1.0.200.202406191623/tools/bin/../lib/gcc/arm-none-eabi/12.3.1/../../../../arm-none-eabi/lib/thumb/v7e-m+fp/hard\libc_nano.a(libc_a-nano-vfprintf_float.o)
                0x0800e1c2                __exponent
 *fill*         0x0800e236        0x2 
 .text._printf_float
                0x0800e238      0x454 C:/ST/STM32CubeIDE_1.16.0/STM32CubeIDE/plugins/com.st.stm32cube.ide.mcu.externaltools.gnu-tools-for-stm32.12.3.rel1.win32_1.0.200.202406191623/tools/bin/../lib/gcc/arm-none-eabi/12.3.1/../../../../arm-none-eabi/lib/thumb/v7e-m+fp/hard\libc_nano.a(libc_a-nano-vfprintf_float.o)
                0x0800e238                _printf_float
 .text._printf_common
                0x0800e68c       0xda C:/ST/STM32CubeIDE_1.16.0/STM32CubeIDE/plugins/com.st.stm32cube.ide.mcu.externaltools.gnu-tools-for-stm32.12.3.rel1.win32_1.0.200.202406191623/tools/bin/../lib/gcc/arm-none-eabi/12.3.1/../../../../arm-none-eabi/lib/thumb/v7e-m+fp/hard\libc_nano.a(libc_a-nano-vfprintf_i.o)
                0x0800e68c                _printf_common
 *fill*         0x0800e766        0x2 
 .text._printf_i
                0x0800e768      0x240 C:/ST/STM32CubeIDE_1.16.0/STM32CubeIDE/plugins/com.st.stm32cube.ide.mcu.externaltools.gnu-tools-for-stm32.12.3.rel1.win32_1.0.200.202406191623/tools/bin/../lib/gcc/arm-none-eabi/12.3.1/../../../../arm-none-eabi/lib/thumb/v7e-m+fp/hard\libc_nano.a(libc_a-nano-vfprintf_i.o)
                0x0800e768                _printf_i
 .text._scanf_float
                0x0800e9a8      0x428 C:/ST/STM32CubeIDE_1.16.0/STM32CubeIDE/plugins/com.st.stm32cube.ide.mcu.externaltools.gnu-tools-for-stm32.12.3.rel1.win32_1.0.200.202406191623/tools/bin/../lib/gcc/arm-none-eabi/12.3.1/../../../../arm-none-eabi/lib/thumb/v7e-m+fp/hard\libc_nano.a(libc_a-nano-vfscanf_float.o)
                0x0800e9a8                _scanf_float
 .text.std      0x0800edd0       0x6c C:/ST/STM32CubeIDE_1.16.0/STM32CubeIDE/plugins/com.st.stm32cube.ide.mcu.externaltools.gnu-tools-for-stm32.12.3.rel1.win32_1.0.200.202406191623/tools/bin/../lib/gcc/arm-none-eabi/12.3.1/../../../../arm-none-eabi/lib/thumb/v7e-m+fp/hard\libc_nano.a(libc_a-findfp.o)
 .text.stdio_exit_handler
                0x0800ee3c       0x18 C:/ST/STM32CubeIDE_1.16.0/STM32CubeIDE/plugins/com.st.stm32cube.ide.mcu.externaltools.gnu-tools-for-stm32.12.3.rel1.win32_1.0.200.202406191623/tools/bin/../lib/gcc/arm-none-eabi/12.3.1/../../../../arm-none-eabi/lib/thumb/v7e-m+fp/hard\libc_nano.a(libc_a-findfp.o)
 .text.cleanup_stdio
                0x0800ee54       0x40 C:/ST/STM32CubeIDE_1.16.0/STM32CubeIDE/plugins/com.st.stm32cube.ide.mcu.externaltools.gnu-tools-for-stm32.12.3.rel1.win32_1.0.200.202406191623/tools/bin/../lib/gcc/arm-none-eabi/12.3.1/../../../../arm-none-eabi/lib/thumb/v7e-m+fp/hard\libc_nano.a(libc_a-findfp.o)
 .text.global_stdio_init.part.0
                0x0800ee94       0x3c C:/ST/STM32CubeIDE_1.16.0/STM32CubeIDE/plugins/com.st.stm32cube.ide.mcu.externaltools.gnu-tools-for-stm32.12.3.rel1.win32_1.0.200.202406191623/tools/bin/../lib/gcc/arm-none-eabi/12.3.1/../../../../arm-none-eabi/lib/thumb/v7e-m+fp/hard\libc_nano.a(libc_a-findfp.o)
 .text.__sfp_lock_acquire
                0x0800eed0        0xc C:/ST/STM32CubeIDE_1.16.0/STM32CubeIDE/plugins/com.st.stm32cube.ide.mcu.externaltools.gnu-tools-for-stm32.12.3.rel1.win32_1.0.200.202406191623/tools/bin/../lib/gcc/arm-none-eabi/12.3.1/../../../../arm-none-eabi/lib/thumb/v7e-m+fp/hard\libc_nano.a(libc_a-findfp.o)
                0x0800eed0                __sfp_lock_acquire
 .text.__sfp_lock_release
                0x0800eedc        0xc C:/ST/STM32CubeIDE_1.16.0/STM32CubeIDE/plugins/com.st.stm32cube.ide.mcu.externaltools.gnu-tools-for-stm32.12.3.rel1.win32_1.0.200.202406191623/tools/bin/../lib/gcc/arm-none-eabi/12.3.1/../../../../arm-none-eabi/lib/thumb/v7e-m+fp/hard\libc_nano.a(libc_a-findfp.o)
                0x0800eedc                __sfp_lock_release
 .text.__sinit  0x0800eee8       0x30 C:/ST/STM32CubeIDE_1.16.0/STM32CubeIDE/plugins/com.st.stm32cube.ide.mcu.externaltools.gnu-tools-for-stm32.12.3.rel1.win32_1.0.200.202406191623/tools/bin/../lib/gcc/arm-none-eabi/12.3.1/../../../../arm-none-eabi/lib/thumb/v7e-m+fp/hard\libc_nano.a(libc_a-findfp.o)
                0x0800eee8                __sinit
 .text._fwalk_sglue
                0x0800ef18       0x3c C:/ST/STM32CubeIDE_1.16.0/STM32CubeIDE/plugins/com.st.stm32cube.ide.mcu.externaltools.gnu-tools-for-stm32.12.3.rel1.win32_1.0.200.202406191623/tools/bin/../lib/gcc/arm-none-eabi/12.3.1/../../../../arm-none-eabi/lib/thumb/v7e-m+fp/hard\libc_nano.a(libc_a-fwalk.o)
                0x0800ef18                _fwalk_sglue
 .text.printf   0x0800ef54       0x24 C:/ST/STM32CubeIDE_1.16.0/STM32CubeIDE/plugins/com.st.stm32cube.ide.mcu.externaltools.gnu-tools-for-stm32.12.3.rel1.win32_1.0.200.202406191623/tools/bin/../lib/gcc/arm-none-eabi/12.3.1/../../../../arm-none-eabi/lib/thumb/v7e-m+fp/hard\libc_nano.a(libc_a-printf.o)
                0x0800ef54                iprintf
                0x0800ef54                printf
 .text._puts_r  0x0800ef78       0xaa C:/ST/STM32CubeIDE_1.16.0/STM32CubeIDE/plugins/com.st.stm32cube.ide.mcu.externaltools.gnu-tools-for-stm32.12.3.rel1.win32_1.0.200.202406191623/tools/bin/../lib/gcc/arm-none-eabi/12.3.1/../../../../arm-none-eabi/lib/thumb/v7e-m+fp/hard\libc_nano.a(libc_a-puts.o)
                0x0800ef78                _puts_r
 *fill*         0x0800f022        0x2 
 .text.puts     0x0800f024       0x10 C:/ST/STM32CubeIDE_1.16.0/STM32CubeIDE/plugins/com.st.stm32cube.ide.mcu.externaltools.gnu-tools-for-stm32.12.3.rel1.win32_1.0.200.202406191623/tools/bin/../lib/gcc/arm-none-eabi/12.3.1/../../../../arm-none-eabi/lib/thumb/v7e-m+fp/hard\libc_nano.a(libc_a-puts.o)
                0x0800f024                puts
 .text.sprintf  0x0800f034       0x40 C:/ST/STM32CubeIDE_1.16.0/STM32CubeIDE/plugins/com.st.stm32cube.ide.mcu.externaltools.gnu-tools-for-stm32.12.3.rel1.win32_1.0.200.202406191623/tools/bin/../lib/gcc/arm-none-eabi/12.3.1/../../../../arm-none-eabi/lib/thumb/v7e-m+fp/hard\libc_nano.a(libc_a-sprintf.o)
                0x0800f034                siprintf
                0x0800f034                sprintf
 .text.__sread  0x0800f074       0x22 C:/ST/STM32CubeIDE_1.16.0/STM32CubeIDE/plugins/com.st.stm32cube.ide.mcu.externaltools.gnu-tools-for-stm32.12.3.rel1.win32_1.0.200.202406191623/tools/bin/../lib/gcc/arm-none-eabi/12.3.1/../../../../arm-none-eabi/lib/thumb/v7e-m+fp/hard\libc_nano.a(libc_a-stdio.o)
                0x0800f074                __sread
 .text.__swrite
                0x0800f096       0x38 C:/ST/STM32CubeIDE_1.16.0/STM32CubeIDE/plugins/com.st.stm32cube.ide.mcu.externaltools.gnu-tools-for-stm32.12.3.rel1.win32_1.0.200.202406191623/tools/bin/../lib/gcc/arm-none-eabi/12.3.1/../../../../arm-none-eabi/lib/thumb/v7e-m+fp/hard\libc_nano.a(libc_a-stdio.o)
                0x0800f096                __swrite
 .text.__sseek  0x0800f0ce       0x24 C:/ST/STM32CubeIDE_1.16.0/STM32CubeIDE/plugins/com.st.stm32cube.ide.mcu.externaltools.gnu-tools-for-stm32.12.3.rel1.win32_1.0.200.202406191623/tools/bin/../lib/gcc/arm-none-eabi/12.3.1/../../../../arm-none-eabi/lib/thumb/v7e-m+fp/hard\libc_nano.a(libc_a-stdio.o)
                0x0800f0ce                __sseek
 .text.__sclose
                0x0800f0f2        0x8 C:/ST/STM32CubeIDE_1.16.0/STM32CubeIDE/plugins/com.st.stm32cube.ide.mcu.externaltools.gnu-tools-for-stm32.12.3.rel1.win32_1.0.200.202406191623/tools/bin/../lib/gcc/arm-none-eabi/12.3.1/../../../../arm-none-eabi/lib/thumb/v7e-m+fp/hard\libc_nano.a(libc_a-stdio.o)
                0x0800f0f2                __sclose
 .text.__swbuf_r
                0x0800f0fa       0x7c C:/ST/STM32CubeIDE_1.16.0/STM32CubeIDE/plugins/com.st.stm32cube.ide.mcu.externaltools.gnu-tools-for-stm32.12.3.rel1.win32_1.0.200.202406191623/tools/bin/../lib/gcc/arm-none-eabi/12.3.1/../../../../arm-none-eabi/lib/thumb/v7e-m+fp/hard\libc_nano.a(libc_a-wbuf.o)
                0x0800f0fa                __swbuf_r
 *fill*         0x0800f176        0x2 
 .text.__swsetup_r
                0x0800f178       0xac C:/ST/STM32CubeIDE_1.16.0/STM32CubeIDE/plugins/com.st.stm32cube.ide.mcu.externaltools.gnu-tools-for-stm32.12.3.rel1.win32_1.0.200.202406191623/tools/bin/../lib/gcc/arm-none-eabi/12.3.1/../../../../arm-none-eabi/lib/thumb/v7e-m+fp/hard\libc_nano.a(libc_a-wsetup.o)
                0x0800f178                __swsetup_r
 .text.memcmp   0x0800f224       0x20 C:/ST/STM32CubeIDE_1.16.0/STM32CubeIDE/plugins/com.st.stm32cube.ide.mcu.externaltools.gnu-tools-for-stm32.12.3.rel1.win32_1.0.200.202406191623/tools/bin/../lib/gcc/arm-none-eabi/12.3.1/../../../../arm-none-eabi/lib/thumb/v7e-m+fp/hard\libc_nano.a(libc_a-memcmp.o)
                0x0800f224                memcmp
 .text.memset   0x0800f244       0x10 C:/ST/STM32CubeIDE_1.16.0/STM32CubeIDE/plugins/com.st.stm32cube.ide.mcu.externaltools.gnu-tools-for-stm32.12.3.rel1.win32_1.0.200.202406191623/tools/bin/../lib/gcc/arm-none-eabi/12.3.1/../../../../arm-none-eabi/lib/thumb/v7e-m+fp/hard\libc_nano.a(libc_a-memset.o)
                0x0800f244                memset
 .text.strncmp  0x0800f254       0x24 C:/ST/STM32CubeIDE_1.16.0/STM32CubeIDE/plugins/com.st.stm32cube.ide.mcu.externaltools.gnu-tools-for-stm32.12.3.rel1.win32_1.0.200.202406191623/tools/bin/../lib/gcc/arm-none-eabi/12.3.1/../../../../arm-none-eabi/lib/thumb/v7e-m+fp/hard\libc_nano.a(libc_a-strncmp.o)
                0x0800f254                strncmp
 .text.strncpy  0x0800f278       0x26 C:/ST/STM32CubeIDE_1.16.0/STM32CubeIDE/plugins/com.st.stm32cube.ide.mcu.externaltools.gnu-tools-for-stm32.12.3.rel1.win32_1.0.200.202406191623/tools/bin/../lib/gcc/arm-none-eabi/12.3.1/../../../../arm-none-eabi/lib/thumb/v7e-m+fp/hard\libc_nano.a(libc_a-strncpy.o)
                0x0800f278                strncpy
 *fill*         0x0800f29e        0x2 
 .text.strtok   0x0800f2a0       0x68 C:/ST/STM32CubeIDE_1.16.0/STM32CubeIDE/plugins/com.st.stm32cube.ide.mcu.externaltools.gnu-tools-for-stm32.12.3.rel1.win32_1.0.200.202406191623/tools/bin/../lib/gcc/arm-none-eabi/12.3.1/../../../../arm-none-eabi/lib/thumb/v7e-m+fp/hard\libc_nano.a(libc_a-strtok.o)
                0x0800f2a0                strtok
 .text.__strtok_r
                0x0800f308       0x50 C:/ST/STM32CubeIDE_1.16.0/STM32CubeIDE/plugins/com.st.stm32cube.ide.mcu.externaltools.gnu-tools-for-stm32.12.3.rel1.win32_1.0.200.202406191623/tools/bin/../lib/gcc/arm-none-eabi/12.3.1/../../../../arm-none-eabi/lib/thumb/v7e-m+fp/hard\libc_nano.a(libc_a-strtok_r.o)
                0x0800f308                __strtok_r
 .text.strstr   0x0800f358       0x2c C:/ST/STM32CubeIDE_1.16.0/STM32CubeIDE/plugins/com.st.stm32cube.ide.mcu.externaltools.gnu-tools-for-stm32.12.3.rel1.win32_1.0.200.202406191623/tools/bin/../lib/gcc/arm-none-eabi/12.3.1/../../../../arm-none-eabi/lib/thumb/v7e-m+fp/hard\libc_nano.a(libc_a-strstr.o)
                0x0800f358                strstr
 .text._localeconv_r
                0x0800f384        0x8 C:/ST/STM32CubeIDE_1.16.0/STM32CubeIDE/plugins/com.st.stm32cube.ide.mcu.externaltools.gnu-tools-for-stm32.12.3.rel1.win32_1.0.200.202406191623/tools/bin/../lib/gcc/arm-none-eabi/12.3.1/../../../../arm-none-eabi/lib/thumb/v7e-m+fp/hard\libc_nano.a(libc_a-localeconv.o)
                0x0800f384                _localeconv_r
 .text._close_r
                0x0800f38c       0x20 C:/ST/STM32CubeIDE_1.16.0/STM32CubeIDE/plugins/com.st.stm32cube.ide.mcu.externaltools.gnu-tools-for-stm32.12.3.rel1.win32_1.0.200.202406191623/tools/bin/../lib/gcc/arm-none-eabi/12.3.1/../../../../arm-none-eabi/lib/thumb/v7e-m+fp/hard\libc_nano.a(libc_a-closer.o)
                0x0800f38c                _close_r
 .text._lseek_r
                0x0800f3ac       0x24 C:/ST/STM32CubeIDE_1.16.0/STM32CubeIDE/plugins/com.st.stm32cube.ide.mcu.externaltools.gnu-tools-for-stm32.12.3.rel1.win32_1.0.200.202406191623/tools/bin/../lib/gcc/arm-none-eabi/12.3.1/../../../../arm-none-eabi/lib/thumb/v7e-m+fp/hard\libc_nano.a(libc_a-lseekr.o)
                0x0800f3ac                _lseek_r
 .text._read_r  0x0800f3d0       0x24 C:/ST/STM32CubeIDE_1.16.0/STM32CubeIDE/plugins/com.st.stm32cube.ide.mcu.externaltools.gnu-tools-for-stm32.12.3.rel1.win32_1.0.200.202406191623/tools/bin/../lib/gcc/arm-none-eabi/12.3.1/../../../../arm-none-eabi/lib/thumb/v7e-m+fp/hard\libc_nano.a(libc_a-readr.o)
                0x0800f3d0                _read_r
 .text._write_r
                0x0800f3f4       0x24 C:/ST/STM32CubeIDE_1.16.0/STM32CubeIDE/plugins/com.st.stm32cube.ide.mcu.externaltools.gnu-tools-for-stm32.12.3.rel1.win32_1.0.200.202406191623/tools/bin/../lib/gcc/arm-none-eabi/12.3.1/../../../../arm-none-eabi/lib/thumb/v7e-m+fp/hard\libc_nano.a(libc_a-writer.o)
                0x0800f3f4                _write_r
 .text.__errno  0x0800f418        0xc C:/ST/STM32CubeIDE_1.16.0/STM32CubeIDE/plugins/com.st.stm32cube.ide.mcu.externaltools.gnu-tools-for-stm32.12.3.rel1.win32_1.0.200.202406191623/tools/bin/../lib/gcc/arm-none-eabi/12.3.1/../../../../arm-none-eabi/lib/thumb/v7e-m+fp/hard\libc_nano.a(libc_a-errno.o)
                0x0800f418                __errno
 .text.__libc_init_array
                0x0800f424       0x48 C:/ST/STM32CubeIDE_1.16.0/STM32CubeIDE/plugins/com.st.stm32cube.ide.mcu.externaltools.gnu-tools-for-stm32.12.3.rel1.win32_1.0.200.202406191623/tools/bin/../lib/gcc/arm-none-eabi/12.3.1/../../../../arm-none-eabi/lib/thumb/v7e-m+fp/hard\libc_nano.a(libc_a-init.o)
                0x0800f424                __libc_init_array
 .text.__retarget_lock_init_recursive
                0x0800f46c        0x2 C:/ST/STM32CubeIDE_1.16.0/STM32CubeIDE/plugins/com.st.stm32cube.ide.mcu.externaltools.gnu-tools-for-stm32.12.3.rel1.win32_1.0.200.202406191623/tools/bin/../lib/gcc/arm-none-eabi/12.3.1/../../../../arm-none-eabi/lib/thumb/v7e-m+fp/hard\libc_nano.a(libc_a-lock.o)
                0x0800f46c                __retarget_lock_init_recursive
 .text.__retarget_lock_acquire_recursive
                0x0800f46e        0x2 C:/ST/STM32CubeIDE_1.16.0/STM32CubeIDE/plugins/com.st.stm32cube.ide.mcu.externaltools.gnu-tools-for-stm32.12.3.rel1.win32_1.0.200.202406191623/tools/bin/../lib/gcc/arm-none-eabi/12.3.1/../../../../arm-none-eabi/lib/thumb/v7e-m+fp/hard\libc_nano.a(libc_a-lock.o)
                0x0800f46e                __retarget_lock_acquire_recursive
 .text.__retarget_lock_release_recursive
                0x0800f470        0x2 C:/ST/STM32CubeIDE_1.16.0/STM32CubeIDE/plugins/com.st.stm32cube.ide.mcu.externaltools.gnu-tools-for-stm32.12.3.rel1.win32_1.0.200.202406191623/tools/bin/../lib/gcc/arm-none-eabi/12.3.1/../../../../arm-none-eabi/lib/thumb/v7e-m+fp/hard\libc_nano.a(libc_a-lock.o)
                0x0800f470                __retarget_lock_release_recursive
 .text.memcpy   0x0800f472       0x1c C:/ST/STM32CubeIDE_1.16.0/STM32CubeIDE/plugins/com.st.stm32cube.ide.mcu.externaltools.gnu-tools-for-stm32.12.3.rel1.win32_1.0.200.202406191623/tools/bin/../lib/gcc/arm-none-eabi/12.3.1/../../../../arm-none-eabi/lib/thumb/v7e-m+fp/hard\libc_nano.a(libc_a-memcpy-stub.o)
                0x0800f472                memcpy
 *fill*         0x0800f48e        0x2 
 .text.nanf     0x0800f490        0xc C:/ST/STM32CubeIDE_1.16.0/STM32CubeIDE/plugins/com.st.stm32cube.ide.mcu.externaltools.gnu-tools-for-stm32.12.3.rel1.win32_1.0.200.202406191623/tools/bin/../lib/gcc/arm-none-eabi/12.3.1/../../../../arm-none-eabi/lib/thumb/v7e-m+fp/hard\libc_nano.a(libm_a-sf_nan.o)
                0x0800f490                nanf
 .text.__assert_func
                0x0800f49c       0x3c C:/ST/STM32CubeIDE_1.16.0/STM32CubeIDE/plugins/com.st.stm32cube.ide.mcu.externaltools.gnu-tools-for-stm32.12.3.rel1.win32_1.0.200.202406191623/tools/bin/../lib/gcc/arm-none-eabi/12.3.1/../../../../arm-none-eabi/lib/thumb/v7e-m+fp/hard\libc_nano.a(libc_a-assert.o)
                0x0800f49c                __assert_func
 .text.quorem   0x0800f4d8      0x110 C:/ST/STM32CubeIDE_1.16.0/STM32CubeIDE/plugins/com.st.stm32cube.ide.mcu.externaltools.gnu-tools-for-stm32.12.3.rel1.win32_1.0.200.202406191623/tools/bin/../lib/gcc/arm-none-eabi/12.3.1/../../../../arm-none-eabi/lib/thumb/v7e-m+fp/hard\libc_nano.a(libc_a-dtoa.o)
 .text._dtoa_r  0x0800f5e8      0xb88 C:/ST/STM32CubeIDE_1.16.0/STM32CubeIDE/plugins/com.st.stm32cube.ide.mcu.externaltools.gnu-tools-for-stm32.12.3.rel1.win32_1.0.200.202406191623/tools/bin/../lib/gcc/arm-none-eabi/12.3.1/../../../../arm-none-eabi/lib/thumb/v7e-m+fp/hard\libc_nano.a(libc_a-dtoa.o)
                0x0800f5e8                _dtoa_r
 .text._free_r  0x08010170       0x94 C:/ST/STM32CubeIDE_1.16.0/STM32CubeIDE/plugins/com.st.stm32cube.ide.mcu.externaltools.gnu-tools-for-stm32.12.3.rel1.win32_1.0.200.202406191623/tools/bin/../lib/gcc/arm-none-eabi/12.3.1/../../../../arm-none-eabi/lib/thumb/v7e-m+fp/hard\libc_nano.a(libc_a-freer.o)
                0x08010170                _free_r
 .text.malloc   0x08010204       0x10 C:/ST/STM32CubeIDE_1.16.0/STM32CubeIDE/plugins/com.st.stm32cube.ide.mcu.externaltools.gnu-tools-for-stm32.12.3.rel1.win32_1.0.200.202406191623/tools/bin/../lib/gcc/arm-none-eabi/12.3.1/../../../../arm-none-eabi/lib/thumb/v7e-m+fp/hard\libc_nano.a(libc_a-malloc.o)
                0x08010204                malloc
 .text.sbrk_aligned
                0x08010214       0x44 C:/ST/STM32CubeIDE_1.16.0/STM32CubeIDE/plugins/com.st.stm32cube.ide.mcu.externaltools.gnu-tools-for-stm32.12.3.rel1.win32_1.0.200.202406191623/tools/bin/../lib/gcc/arm-none-eabi/12.3.1/../../../../arm-none-eabi/lib/thumb/v7e-m+fp/hard\libc_nano.a(libc_a-mallocr.o)
 .text._malloc_r
                0x08010258      0x100 C:/ST/STM32CubeIDE_1.16.0/STM32CubeIDE/plugins/com.st.stm32cube.ide.mcu.externaltools.gnu-tools-for-stm32.12.3.rel1.win32_1.0.200.202406191623/tools/bin/../lib/gcc/arm-none-eabi/12.3.1/../../../../arm-none-eabi/lib/thumb/v7e-m+fp/hard\libc_nano.a(libc_a-mallocr.o)
                0x08010258                _malloc_r
 .text.__malloc_lock
                0x08010358        0xc C:/ST/STM32CubeIDE_1.16.0/STM32CubeIDE/plugins/com.st.stm32cube.ide.mcu.externaltools.gnu-tools-for-stm32.12.3.rel1.win32_1.0.200.202406191623/tools/bin/../lib/gcc/arm-none-eabi/12.3.1/../../../../arm-none-eabi/lib/thumb/v7e-m+fp/hard\libc_nano.a(libc_a-mlock.o)
                0x08010358                __malloc_lock
 .text.__malloc_unlock
                0x08010364        0xc C:/ST/STM32CubeIDE_1.16.0/STM32CubeIDE/plugins/com.st.stm32cube.ide.mcu.externaltools.gnu-tools-for-stm32.12.3.rel1.win32_1.0.200.202406191623/tools/bin/../lib/gcc/arm-none-eabi/12.3.1/../../../../arm-none-eabi/lib/thumb/v7e-m+fp/hard\libc_nano.a(libc_a-mlock.o)
                0x08010364                __malloc_unlock
 .text._Balloc  0x08010370       0x80 C:/ST/STM32CubeIDE_1.16.0/STM32CubeIDE/plugins/com.st.stm32cube.ide.mcu.externaltools.gnu-tools-for-stm32.12.3.rel1.win32_1.0.200.202406191623/tools/bin/../lib/gcc/arm-none-eabi/12.3.1/../../../../arm-none-eabi/lib/thumb/v7e-m+fp/hard\libc_nano.a(libc_a-mprec.o)
                0x08010370                _Balloc
 .text._Bfree   0x080103f0       0x44 C:/ST/STM32CubeIDE_1.16.0/STM32CubeIDE/plugins/com.st.stm32cube.ide.mcu.externaltools.gnu-tools-for-stm32.12.3.rel1.win32_1.0.200.202406191623/tools/bin/../lib/gcc/arm-none-eabi/12.3.1/../../../../arm-none-eabi/lib/thumb/v7e-m+fp/hard\libc_nano.a(libc_a-mprec.o)
                0x080103f0                _Bfree
 .text.__multadd
                0x08010434       0x8c C:/ST/STM32CubeIDE_1.16.0/STM32CubeIDE/plugins/com.st.stm32cube.ide.mcu.externaltools.gnu-tools-for-stm32.12.3.rel1.win32_1.0.200.202406191623/tools/bin/../lib/gcc/arm-none-eabi/12.3.1/../../../../arm-none-eabi/lib/thumb/v7e-m+fp/hard\libc_nano.a(libc_a-mprec.o)
                0x08010434                __multadd
 .text.__s2b    0x080104c0       0x94 C:/ST/STM32CubeIDE_1.16.0/STM32CubeIDE/plugins/com.st.stm32cube.ide.mcu.externaltools.gnu-tools-for-stm32.12.3.rel1.win32_1.0.200.202406191623/tools/bin/../lib/gcc/arm-none-eabi/12.3.1/../../../../arm-none-eabi/lib/thumb/v7e-m+fp/hard\libc_nano.a(libc_a-mprec.o)
                0x080104c0                __s2b
 .text.__hi0bits
                0x08010554       0x3e C:/ST/STM32CubeIDE_1.16.0/STM32CubeIDE/plugins/com.st.stm32cube.ide.mcu.externaltools.gnu-tools-for-stm32.12.3.rel1.win32_1.0.200.202406191623/tools/bin/../lib/gcc/arm-none-eabi/12.3.1/../../../../arm-none-eabi/lib/thumb/v7e-m+fp/hard\libc_nano.a(libc_a-mprec.o)
                0x08010554                __hi0bits
 .text.__lo0bits
                0x08010592       0x5a C:/ST/STM32CubeIDE_1.16.0/STM32CubeIDE/plugins/com.st.stm32cube.ide.mcu.externaltools.gnu-tools-for-stm32.12.3.rel1.win32_1.0.200.202406191623/tools/bin/../lib/gcc/arm-none-eabi/12.3.1/../../../../arm-none-eabi/lib/thumb/v7e-m+fp/hard\libc_nano.a(libc_a-mprec.o)
                0x08010592                __lo0bits
 .text.__i2b    0x080105ec       0x2c C:/ST/STM32CubeIDE_1.16.0/STM32CubeIDE/plugins/com.st.stm32cube.ide.mcu.externaltools.gnu-tools-for-stm32.12.3.rel1.win32_1.0.200.202406191623/tools/bin/../lib/gcc/arm-none-eabi/12.3.1/../../../../arm-none-eabi/lib/thumb/v7e-m+fp/hard\libc_nano.a(libc_a-mprec.o)
                0x080105ec                __i2b
 .text.__multiply
                0x08010618      0x154 C:/ST/STM32CubeIDE_1.16.0/STM32CubeIDE/plugins/com.st.stm32cube.ide.mcu.externaltools.gnu-tools-for-stm32.12.3.rel1.win32_1.0.200.202406191623/tools/bin/../lib/gcc/arm-none-eabi/12.3.1/../../../../arm-none-eabi/lib/thumb/v7e-m+fp/hard\libc_nano.a(libc_a-mprec.o)
                0x08010618                __multiply
 .text.__pow5mult
                0x0801076c       0xb4 C:/ST/STM32CubeIDE_1.16.0/STM32CubeIDE/plugins/com.st.stm32cube.ide.mcu.externaltools.gnu-tools-for-stm32.12.3.rel1.win32_1.0.200.202406191623/tools/bin/../lib/gcc/arm-none-eabi/12.3.1/../../../../arm-none-eabi/lib/thumb/v7e-m+fp/hard\libc_nano.a(libc_a-mprec.o)
                0x0801076c                __pow5mult
 .text.__lshift
                0x08010820       0xd8 C:/ST/STM32CubeIDE_1.16.0/STM32CubeIDE/plugins/com.st.stm32cube.ide.mcu.externaltools.gnu-tools-for-stm32.12.3.rel1.win32_1.0.200.202406191623/tools/bin/../lib/gcc/arm-none-eabi/12.3.1/../../../../arm-none-eabi/lib/thumb/v7e-m+fp/hard\libc_nano.a(libc_a-mprec.o)
                0x08010820                __lshift
 .text.__mcmp   0x080108f8       0x36 C:/ST/STM32CubeIDE_1.16.0/STM32CubeIDE/plugins/com.st.stm32cube.ide.mcu.externaltools.gnu-tools-for-stm32.12.3.rel1.win32_1.0.200.202406191623/tools/bin/../lib/gcc/arm-none-eabi/12.3.1/../../../../arm-none-eabi/lib/thumb/v7e-m+fp/hard\libc_nano.a(libc_a-mprec.o)
                0x080108f8                __mcmp
 *fill*         0x0801092e        0x2 
 .text.__mdiff  0x08010930      0x128 C:/ST/STM32CubeIDE_1.16.0/STM32CubeIDE/plugins/com.st.stm32cube.ide.mcu.externaltools.gnu-tools-for-stm32.12.3.rel1.win32_1.0.200.202406191623/tools/bin/../lib/gcc/arm-none-eabi/12.3.1/../../../../arm-none-eabi/lib/thumb/v7e-m+fp/hard\libc_nano.a(libc_a-mprec.o)
                0x08010930                __mdiff
 .text.__ulp    0x08010a58       0x4c C:/ST/STM32CubeIDE_1.16.0/STM32CubeIDE/plugins/com.st.stm32cube.ide.mcu.externaltools.gnu-tools-for-stm32.12.3.rel1.win32_1.0.200.202406191623/tools/bin/../lib/gcc/arm-none-eabi/12.3.1/../../../../arm-none-eabi/lib/thumb/v7e-m+fp/hard\libc_nano.a(libc_a-mprec.o)
                0x08010a58                __ulp
 .text.__b2d    0x08010aa4       0x94 C:/ST/STM32CubeIDE_1.16.0/STM32CubeIDE/plugins/com.st.stm32cube.ide.mcu.externaltools.gnu-tools-for-stm32.12.3.rel1.win32_1.0.200.202406191623/tools/bin/../lib/gcc/arm-none-eabi/12.3.1/../../../../arm-none-eabi/lib/thumb/v7e-m+fp/hard\libc_nano.a(libc_a-mprec.o)
                0x08010aa4                __b2d
 .text.__d2b    0x08010b38       0xb0 C:/ST/STM32CubeIDE_1.16.0/STM32CubeIDE/plugins/com.st.stm32cube.ide.mcu.externaltools.gnu-tools-for-stm32.12.3.rel1.win32_1.0.200.202406191623/tools/bin/../lib/gcc/arm-none-eabi/12.3.1/../../../../arm-none-eabi/lib/thumb/v7e-m+fp/hard\libc_nano.a(libc_a-mprec.o)
                0x08010b38                __d2b
 .text.__ratio  0x08010be8       0x64 C:/ST/STM32CubeIDE_1.16.0/STM32CubeIDE/plugins/com.st.stm32cube.ide.mcu.externaltools.gnu-tools-for-stm32.12.3.rel1.win32_1.0.200.202406191623/tools/bin/../lib/gcc/arm-none-eabi/12.3.1/../../../../arm-none-eabi/lib/thumb/v7e-m+fp/hard\libc_nano.a(libc_a-mprec.o)
                0x08010be8                __ratio
 .text.__copybits
                0x08010c4c       0x46 C:/ST/STM32CubeIDE_1.16.0/STM32CubeIDE/plugins/com.st.stm32cube.ide.mcu.externaltools.gnu-tools-for-stm32.12.3.rel1.win32_1.0.200.202406191623/tools/bin/../lib/gcc/arm-none-eabi/12.3.1/../../../../arm-none-eabi/lib/thumb/v7e-m+fp/hard\libc_nano.a(libc_a-mprec.o)
                0x08010c4c                __copybits
 .text.__any_on
                0x08010c92       0x42 C:/ST/STM32CubeIDE_1.16.0/STM32CubeIDE/plugins/com.st.stm32cube.ide.mcu.externaltools.gnu-tools-for-stm32.12.3.rel1.win32_1.0.200.202406191623/tools/bin/../lib/gcc/arm-none-eabi/12.3.1/../../../../arm-none-eabi/lib/thumb/v7e-m+fp/hard\libc_nano.a(libc_a-mprec.o)
                0x08010c92                __any_on
 .text.sulp     0x08010cd4       0x3c C:/ST/STM32CubeIDE_1.16.0/STM32CubeIDE/plugins/com.st.stm32cube.ide.mcu.externaltools.gnu-tools-for-stm32.12.3.rel1.win32_1.0.200.202406191623/tools/bin/../lib/gcc/arm-none-eabi/12.3.1/../../../../arm-none-eabi/lib/thumb/v7e-m+fp/hard\libc_nano.a(libc_a-strtod.o)
 .text._strtod_l
                0x08010d10      0xbc8 C:/ST/STM32CubeIDE_1.16.0/STM32CubeIDE/plugins/com.st.stm32cube.ide.mcu.externaltools.gnu-tools-for-stm32.12.3.rel1.win32_1.0.200.202406191623/tools/bin/../lib/gcc/arm-none-eabi/12.3.1/../../../../arm-none-eabi/lib/thumb/v7e-m+fp/hard\libc_nano.a(libc_a-strtod.o)
                0x08010d10                _strtod_l
 .text._strtod_r
                0x080118d8        0xc C:/ST/STM32CubeIDE_1.16.0/STM32CubeIDE/plugins/com.st.stm32cube.ide.mcu.externaltools.gnu-tools-for-stm32.12.3.rel1.win32_1.0.200.202406191623/tools/bin/../lib/gcc/arm-none-eabi/12.3.1/../../../../arm-none-eabi/lib/thumb/v7e-m+fp/hard\libc_nano.a(libc_a-strtod.o)
                0x080118d8                _strtod_r
 .text._strtol_l.constprop.0
                0x080118e4       0xf4 C:/ST/STM32CubeIDE_1.16.0/STM32CubeIDE/plugins/com.st.stm32cube.ide.mcu.externaltools.gnu-tools-for-stm32.12.3.rel1.win32_1.0.200.202406191623/tools/bin/../lib/gcc/arm-none-eabi/12.3.1/../../../../arm-none-eabi/lib/thumb/v7e-m+fp/hard\libc_nano.a(libc_a-strtol.o)
 .text._strtol_r
                0x080119d8        0x4 C:/ST/STM32CubeIDE_1.16.0/STM32CubeIDE/plugins/com.st.stm32cube.ide.mcu.externaltools.gnu-tools-for-stm32.12.3.rel1.win32_1.0.200.202406191623/tools/bin/../lib/gcc/arm-none-eabi/12.3.1/../../../../arm-none-eabi/lib/thumb/v7e-m+fp/hard\libc_nano.a(libc_a-strtol.o)
                0x080119d8                _strtol_r
 .text.__ssputs_r